Archive member included because of file (symbol)

c:/infineon/tools/dave ide/4.5.0.202105191637/eclipse/arm-gcc-49/bin/../lib/gcc/arm-none-eabi/4.9.3/armv7e-m/softfp\libgcc.a(_arm_addsubdf3.o)
                              ./app.o (__aeabi_i2d)
c:/infineon/tools/dave ide/4.5.0.202105191637/eclipse/arm-gcc-49/bin/../lib/gcc/arm-none-eabi/4.9.3/armv7e-m/softfp\libgcc.a(_aeabi_uldivmod.o)
                              ./Dave/Generated/TIMER/timer.o (__aeabi_uldivmod)
c:/infineon/tools/dave ide/4.5.0.202105191637/eclipse/arm-gcc-49/bin/../lib/gcc/arm-none-eabi/4.9.3/armv7e-m/softfp\libgcc.a(bpabi.o)
                              c:/infineon/tools/dave ide/4.5.0.202105191637/eclipse/arm-gcc-49/bin/../lib/gcc/arm-none-eabi/4.9.3/armv7e-m/softfp\libgcc.a(_aeabi_uldivmod.o) (__gnu_uldivmod_helper)
c:/infineon/tools/dave ide/4.5.0.202105191637/eclipse/arm-gcc-49/bin/../lib/gcc/arm-none-eabi/4.9.3/armv7e-m/softfp\libgcc.a(_dvmd_tls.o)
                              c:/infineon/tools/dave ide/4.5.0.202105191637/eclipse/arm-gcc-49/bin/../lib/gcc/arm-none-eabi/4.9.3/armv7e-m/softfp\libgcc.a(_aeabi_uldivmod.o) (__aeabi_ldiv0)
c:/infineon/tools/dave ide/4.5.0.202105191637/eclipse/arm-gcc-49/bin/../lib/gcc/arm-none-eabi/4.9.3/armv7e-m/softfp\libgcc.a(_divdi3.o)
                              c:/infineon/tools/dave ide/4.5.0.202105191637/eclipse/arm-gcc-49/bin/../lib/gcc/arm-none-eabi/4.9.3/armv7e-m/softfp\libgcc.a(bpabi.o) (__divdi3)
c:/infineon/tools/dave ide/4.5.0.202105191637/eclipse/arm-gcc-49/bin/../lib/gcc/arm-none-eabi/4.9.3/armv7e-m/softfp\libgcc.a(_udivdi3.o)
                              c:/infineon/tools/dave ide/4.5.0.202105191637/eclipse/arm-gcc-49/bin/../lib/gcc/arm-none-eabi/4.9.3/armv7e-m/softfp\libgcc.a(bpabi.o) (__udivdi3)
c:/infineon/tools/dave ide/4.5.0.202105191637/eclipse/arm-gcc-49/bin/../lib/gcc/arm-none-eabi/4.9.3/../../../../arm-none-eabi/lib/armv7e-m/softfp\libg_nano.a(lib_a-errno.o)
                              ./Libraries/Newlib/syscalls.o (__errno)
c:/infineon/tools/dave ide/4.5.0.202105191637/eclipse/arm-gcc-49/bin/../lib/gcc/arm-none-eabi/4.9.3/../../../../arm-none-eabi/lib/armv7e-m/softfp\libg_nano.a(lib_a-impure.o)
                              c:/infineon/tools/dave ide/4.5.0.202105191637/eclipse/arm-gcc-49/bin/../lib/gcc/arm-none-eabi/4.9.3/../../../../arm-none-eabi/lib/armv7e-m/softfp\libg_nano.a(lib_a-errno.o) (_impure_ptr)
c:/infineon/tools/dave ide/4.5.0.202105191637/eclipse/arm-gcc-49/bin/../lib/gcc/arm-none-eabi/4.9.3/../../../../arm-none-eabi/lib/armv7e-m/softfp\libg_nano.a(lib_a-init.o)
                              ./Startup/startup_XMC4700.o (__libc_init_array)
c:/infineon/tools/dave ide/4.5.0.202105191637/eclipse/arm-gcc-49/bin/../lib/gcc/arm-none-eabi/4.9.3/../../../../arm-none-eabi/lib/armv7e-m/softfp\libg_nano.a(lib_a-memcpy.o)
                              ./Libraries/XMCLib/src/xmc_eth_mac.o (memcpy)
c:/infineon/tools/dave ide/4.5.0.202105191637/eclipse/arm-gcc-49/bin/../lib/gcc/arm-none-eabi/4.9.3/../../../../arm-none-eabi/lib/armv7e-m/softfp\libg_nano.a(lib_a-memset.o)
                              ./Libraries/XMCLib/src/xmc_usbd.o (memset)
c:/infineon/tools/dave ide/4.5.0.202105191637/eclipse/arm-gcc-49/bin/../lib/gcc/arm-none-eabi/4.9.3/../../../../arm-none-eabi/lib/armv7e-m/softfp\libg_nano.a(lib_a-nano-vfprintf_float.o)
                              (_printf_float)
c:/infineon/tools/dave ide/4.5.0.202105191637/eclipse/arm-gcc-49/bin/../lib/gcc/arm-none-eabi/4.9.3/../../../../arm-none-eabi/lib/armv7e-m/softfp\libg_nano.a(lib_a-nano-vfprintf_i.o)
                              c:/infineon/tools/dave ide/4.5.0.202105191637/eclipse/arm-gcc-49/bin/../lib/gcc/arm-none-eabi/4.9.3/../../../../arm-none-eabi/lib/armv7e-m/softfp\libg_nano.a(lib_a-nano-vfprintf_float.o) (_printf_common)
c:/infineon/tools/dave ide/4.5.0.202105191637/eclipse/arm-gcc-49/bin/../lib/gcc/arm-none-eabi/4.9.3/../../../../arm-none-eabi/lib/armv7e-m/softfp\libg_nano.a(lib_a-rand.o)
                              ./app.o (rand)
c:/infineon/tools/dave ide/4.5.0.202105191637/eclipse/arm-gcc-49/bin/../lib/gcc/arm-none-eabi/4.9.3/../../../../arm-none-eabi/lib/armv7e-m/softfp\libg_nano.a(lib_a-s_fpclassify.o)
                              c:/infineon/tools/dave ide/4.5.0.202105191637/eclipse/arm-gcc-49/bin/../lib/gcc/arm-none-eabi/4.9.3/../../../../arm-none-eabi/lib/armv7e-m/softfp\libg_nano.a(lib_a-nano-vfprintf_float.o) (__fpclassifyd)
c:/infineon/tools/dave ide/4.5.0.202105191637/eclipse/arm-gcc-49/bin/../lib/gcc/arm-none-eabi/4.9.3/../../../../arm-none-eabi/lib/armv7e-m/softfp\libg_nano.a(lib_a-snprintf.o)
                              ./at_commander.o (snprintf)
c:/infineon/tools/dave ide/4.5.0.202105191637/eclipse/arm-gcc-49/bin/../lib/gcc/arm-none-eabi/4.9.3/../../../../arm-none-eabi/lib/armv7e-m/softfp\libg_nano.a(lib_a-sprintf.o)
                              ./at_commander.o (sprintf)
[...]
Memory Configuration

Name             Origin             Length             Attributes
FLASH_1_cached   0x08000000         0x00200000         xr
FLASH_1_uncached 0x0c000000         0x00200000         xr
PSRAM_1          0x1ffe8000         0x00018000         !xr
DSRAM_1_system   0x20000000         0x00020000         !xr
DSRAM_2_comm     0x20020000         0x00020000         !xr
SRAM_combined    0x1ffe8000         0x00058000         !xr
*default*        0x00000000         0xffffffff

Linker script and memory map

LOAD ./Startup/startup_XMC4700.o
LOAD ./Startup/system_XMC4700.o
LOAD ./Libraries/XMCLib/src/xmc4_eru.o
LOAD ./Libraries/XMCLib/src/xmc4_flash.o
LOAD ./Libraries/XMCLib/src/xmc4_gpio.o
LOAD ./Libraries/XMCLib/src/xmc4_rtc.o
LOAD ./Libraries/XMCLib/src/xmc4_scu.o
LOAD ./Libraries/XMCLib/src/xmc_can.o
LOAD ./Libraries/XMCLib/src/xmc_ccu4.o
LOAD ./Libraries/XMCLib/src/xmc_ccu8.o
LOAD ./Libraries/XMCLib/src/xmc_common.o
LOAD ./Libraries/XMCLib/src/xmc_dac.o
LOAD ./Libraries/XMCLib/src/xmc_dma.o
LOAD ./Libraries/XMCLib/src/xmc_dsd.o
LOAD ./Libraries/XMCLib/src/xmc_ebu.o
LOAD ./Libraries/XMCLib/src/xmc_ecat.o
LOAD ./Libraries/XMCLib/src/xmc_eru.o
LOAD ./Libraries/XMCLib/src/xmc_eth_mac.o
LOAD ./Libraries/XMCLib/src/xmc_eth_phy_dp83848.o
LOAD ./Libraries/XMCLib/src/xmc_eth_phy_ksz8031rnl.o
LOAD ./Libraries/XMCLib/src/xmc_eth_phy_ksz8081rnb.o
LOAD ./Libraries/XMCLib/src/xmc_fce.o
LOAD ./Libraries/XMCLib/src/xmc_gpio.o
LOAD ./Libraries/XMCLib/src/xmc_hrpwm.o
LOAD ./Libraries/XMCLib/src/xmc_i2c.o
LOAD ./Libraries/XMCLib/src/xmc_i2s.o
LOAD ./Libraries/XMCLib/src/xmc_ledts.o
LOAD ./Libraries/XMCLib/src/xmc_posif.o
LOAD ./Libraries/XMCLib/src/xmc_rtc.o
LOAD ./Libraries/XMCLib/src/xmc_sdmmc.o
LOAD ./Libraries/XMCLib/src/xmc_spi.o
LOAD ./Libraries/XMCLib/src/xmc_uart.o
LOAD ./Libraries/XMCLib/src/xmc_usbd.o
LOAD ./Libraries/XMCLib/src/xmc_usbh.o
LOAD ./Libraries/XMCLib/src/xmc_usic.o
LOAD ./Libraries/XMCLib/src/xmc_vadc.o
LOAD ./Libraries/XMCLib/src/xmc_wdt.o
LOAD ./Libraries/Newlib/syscalls.o
LOAD ./Dave/Generated/UART/uart.o
LOAD ./Dave/Generated/UART/uart_conf.o
LOAD ./Dave/Generated/TIMER/timer.o
LOAD ./Dave/Generated/TIMER/timer_conf.o
LOAD ./Dave/Generated/SYSTIMER/systimer.o
LOAD ./Dave/Generated/SYSTIMER/systimer_conf.o
LOAD ./Dave/Generated/INTERRUPT/interrupt.o
LOAD ./Dave/Generated/INTERRUPT/interrupt_conf.o
LOAD ./Dave/Generated/GLOBAL_CCU4/global_ccu4.o
LOAD ./Dave/Generated/GLOBAL_CCU4/global_ccu4_conf.o
LOAD ./Dave/Generated/DIGITAL_IO/digital_io.o
LOAD ./Dave/Generated/DIGITAL_IO/digital_io_conf.o
LOAD ./Dave/Generated/CPU_CTRL_XMC4/cpu_ctrl_xmc4.o
LOAD ./Dave/Generated/CPU_CTRL_XMC4/cpu_ctrl_xmc4_conf.o
LOAD ./Dave/Generated/CLOCK_XMC4/clock_xmc4.o
LOAD ./Dave/Generated/CLOCK_XMC4/clock_xmc4_conf.o
LOAD ./Dave/Generated/DAVE.o
LOAD ./app.o
LOAD ./at_commander.o
LOAD ./main.o
LOAD c:/infineon/tools/dave ide/4.5.0.202105191637/eclipse/arm-gcc-49/bin/../lib/gcc/arm-none-eabi/4.9.3/../../../../arm-none-eabi/lib/armv7e-m/softfp\libm.a
START GROUP
LOAD c:/infineon/tools/dave ide/4.5.0.202105191637/eclipse/arm-gcc-49/bin/../lib/gcc/arm-none-eabi/4.9.3/armv7e-m/softfp\libgcc.a
LOAD c:/infineon/tools/dave ide/4.5.0.202105191637/eclipse/arm-gcc-49/bin/../lib/gcc/arm-none-eabi/4.9.3/../../../../arm-none-eabi/lib/armv7e-m/softfp\libg_nano.a
LOAD c:/infineon/tools/dave ide/4.5.0.202105191637/eclipse/arm-gcc-49/bin/../lib/gcc/arm-none-eabi/4.9.3/../../../../arm-none-eabi/lib/armv7e-m/softfp\libc_nano.a
END GROUP
START GROUP
LOAD c:/infineon/tools/dave ide/4.5.0.202105191637/eclipse/arm-gcc-49/bin/../lib/gcc/arm-none-eabi/4.9.3/armv7e-m/softfp\libgcc.a
LOAD c:/infineon/tools/dave ide/4.5.0.202105191637/eclipse/arm-gcc-49/bin/../lib/gcc/arm-none-eabi/4.9.3/../../../../arm-none-eabi/lib/armv7e-m/softfp\libc_nano.a
LOAD c:/infineon/tools/dave ide/4.5.0.202105191637/eclipse/arm-gcc-49/bin/../lib/gcc/arm-none-eabi/4.9.3/../../../../arm-none-eabi/lib/armv7e-m/softfp\libnosys.a
END GROUP
START GROUP
LOAD c:/infineon/tools/dave ide/4.5.0.202105191637/eclipse/arm-gcc-49/bin/../lib/gcc/arm-none-eabi/4.9.3/armv7e-m/softfp\libgcc.a
LOAD c:/infineon/tools/dave ide/4.5.0.202105191637/eclipse/arm-gcc-49/bin/../lib/gcc/arm-none-eabi/4.9.3/../../../../arm-none-eabi/lib/armv7e-m/softfp\libc_nano.a
LOAD c:/infineon/tools/dave ide/4.5.0.202105191637/eclipse/arm-gcc-49/bin/../lib/gcc/arm-none-eabi/4.9.3/../../../../arm-none-eabi/lib/armv7e-m/softfp\libnosys.a
END GROUP
                0x00000800                stack_size = DEFINED (stack_size)?stack_size:0x800
                0x00000040                no_init_size = 0x40

.text           0x08000000     0x6b60 load address 0x0c000000
                0x08000000                sText = .
 *(.reset)
 .reset         0x08000000      0x29c ./Startup/startup_XMC4700.o
                0x08000000                __Vectors
                0x08000200                Reset_Handler
                0x08000298                DSD0_7_IRQHandler
                0x08000298                DebugMon_Handler
                0x08000298                VADC0_C0_0_IRQHandler
                0x08000298                CAN0_4_IRQHandler
                0x08000298                VADC0_G2_0_IRQHandler
                0x08000298                POSIF0_0_IRQHandler
                0x08000298                POSIF1_0_IRQHandler
                0x08000298                HardFault_Handler
                0x08000298                VADC0_G1_1_IRQHandler
                0x08000298                PendSV_Handler
                0x08000298                NMI_Handler
                0x08000298                USIC1_3_IRQHandler
                0x08000298                CCU40_2_IRQHandler
                0x08000298                SCU_0_IRQHandler
                0x08000298                ERU0_0_IRQHandler
                0x08000298                CCU41_0_IRQHandler
                0x08000298                USIC1_5_IRQHandler
                0x08000298                DSD0_4_IRQHandler
                0x08000298                CCU80_1_IRQHandler
                0x08000298                CCU81_0_IRQHandler
                0x08000298                UsageFault_Handler
                0x08000298                USIC0_0_IRQHandler
                0x08000298                POSIF1_1_IRQHandler
                0x08000298                ERU0_2_IRQHandler
                0x08000298                CCU81_1_IRQHandler
                0x08000298                ERU1_1_IRQHandler
                0x08000298                VADC0_G2_3_IRQHandler
                0x08000298                VADC0_G2_2_IRQHandler
                0x08000298                CCU42_3_IRQHandler
                0x08000298                ERU0_3_IRQHandler
                0x08000298                DSD0_5_IRQHandler
                0x08000298                VADC0_C0_3_IRQHandler
                0x08000298                CAN0_6_IRQHandler
                0x08000298                CCU43_0_IRQHandler
                0x08000298                VADC0_G0_1_IRQHandler
                0x08000298                CCU81_2_IRQHandler
                0x08000298                USIC2_4_IRQHandler
                0x08000298                CCU81_3_IRQHandler
                0x08000298                CCU42_1_IRQHandler
                0x08000298                USIC1_1_IRQHandler
                0x08000298                USIC2_5_IRQHandler
                0x08000298                CCU40_0_IRQHandler
                0x08000298                CAN0_0_IRQHandler
                0x08000298                ERU1_0_IRQHandler
                0x08000298                CCU42_2_IRQHandler
                0x08000298                Default_Handler
                0x08000298                USIC1_4_IRQHandler
                0x08000298                ERU1_3_IRQHandler
                0x08000298                USIC1_0_IRQHandler
                0x08000298                POSIF0_1_IRQHandler
                0x08000298                VADC0_G0_0_IRQHandler
                0x08000298                DSD0_2_IRQHandler
                0x08000298                CCU80_3_IRQHandler
                0x08000298                CCU41_3_IRQHandler
                0x08000298                CCU80_2_IRQHandler
                0x08000298                VADC0_G1_3_IRQHandler
                0x08000298                VADC0_G0_3_IRQHandler
                0x08000298                GPDMA0_0_IRQHandler
                0x08000298                PMU0_0_IRQHandler
                0x08000298                CAN0_7_IRQHandler
                0x08000298                DSD0_1_IRQHandler
                0x08000298                CCU41_2_IRQHandler
                0x08000298                VADC0_C0_1_IRQHandler
                0x08000298                CCU43_2_IRQHandler
                0x08000298                USIC2_2_IRQHandler
                0x08000298                MemManage_Handler
                0x08000298                VADC0_G3_1_IRQHandler
                0x08000298                DAC0_0_IRQHandler
                0x08000298                SVC_Handler
                0x08000298                VADC0_G3_3_IRQHandler
                0x08000298                ERU1_2_IRQHandler
                0x08000298                CCU41_1_IRQHandler
                0x08000298                DSD0_6_IRQHandler
                0x08000298                VADC0_G1_2_IRQHandler
                0x08000298                USIC2_3_IRQHandler
                0x08000298                CAN0_2_IRQHandler
                0x08000298                USIC2_0_IRQHandler
                0x08000298                VADC0_G0_2_IRQHandler
                0x08000298                VADC0_G2_1_IRQHandler
                0x08000298                CAN0_3_IRQHandler
                0x08000298                ETH0_0_IRQHandler
                0x08000298                DSD0_0_IRQHandler
                0x08000298                VADC0_C0_2_IRQHandler
                0x08000298                CCU42_0_IRQHandler
                0x08000298                FCE0_0_IRQHandler
                0x08000298                VADC0_G1_0_IRQHandler
                0x08000298                USB0_0_IRQHandler
                0x08000298                CAN0_5_IRQHandler
                0x08000298                CCU80_0_IRQHandler
                0x08000298                CCU40_1_IRQHandler
                0x08000298                USIC2_1_IRQHandler
                0x08000298                USIC0_1_IRQHandler
                0x08000298                VADC0_G3_2_IRQHandler
                0x08000298                CCU40_3_IRQHandler
                0x08000298                BusFault_Handler
                0x08000298                LEDTS0_0_IRQHandler
                0x08000298                USIC0_4_IRQHandler
                0x08000298                CCU43_3_IRQHandler
                0x08000298                ERU0_1_IRQHandler
                0x08000298                VADC0_G3_0_IRQHandler
                0x08000298                USIC1_2_IRQHandler
                0x08000298                DSD0_3_IRQHandler
                0x08000298                SDMMC0_0_IRQHandler
                0x08000298                CAN0_1_IRQHandler
                0x08000298                USIC0_2_IRQHandler
                0x08000298                DAC0_1_IRQHandler
                0x08000298                GPDMA1_0_IRQHandler
 *(.text .text.* .gnu.linkonce.t.*)
 .text.SystemInit
                0x0800029c       0x20 ./Startup/system_XMC4700.o
                0x0800029c                SystemInit
 .text.SystemCoreClockUpdate
                0x080002bc       0xd4 ./Startup/system_XMC4700.o
                0x080002bc                SystemCoreClockUpdate
 .text.XMC_GPIO_Init
                0x08000390      0x14c ./Libraries/XMCLib/src/xmc4_gpio.o
                0x08000390                XMC_GPIO_Init
 .text.XMC_SCU_CLOCK_GetCpuClockFrequency
                0x080004dc       0x18 ./Libraries/XMCLib/src/xmc4_scu.o
 .text.XMC_SCU_GetMirrorStatus
                0x080004f4       0x18 ./Libraries/XMCLib/src/xmc4_scu.o
 .text.XMC_SCU_lDelay
                0x0800050c       0x44 ./Libraries/XMCLib/src/xmc4_scu.o
 .text.XMC_SCU_INTERUPT_GetEventStatus
                0x08000550       0x18 ./Libraries/XMCLib/src/xmc4_scu.o
                0x08000550                XMC_SCU_INTERUPT_GetEventStatus
 .text.XMC_SCU_INTERRUPT_ClearEventStatus
                0x08000568       0x1c ./Libraries/XMCLib/src/xmc4_scu.o
                0x08000568                XMC_SCU_INTERRUPT_ClearEventStatus
 .text.XMC_SCU_CLOCK_Init
                0x08000584       0xf8 ./Libraries/XMCLib/src/xmc4_scu.o
                0x08000584                XMC_SCU_CLOCK_Init
 .text.XMC_SCU_RESET_DeassertPeripheralReset
                0x0800067c       0x38 ./Libraries/XMCLib/src/xmc4_scu.o
                0x0800067c                XMC_SCU_RESET_DeassertPeripheralReset
 .text.XMC_SCU_RESET_IsPeripheralResetAsserted
                0x080006b4       0x48 ./Libraries/XMCLib/src/xmc4_scu.o
                0x080006b4                XMC_SCU_RESET_IsPeripheralResetAsserted
 .text.XMC_SCU_CLOCK_GetPeripheralClockFrequency
                0x080006fc       0x20 ./Libraries/XMCLib/src/xmc4_scu.o
                0x080006fc                XMC_SCU_CLOCK_GetPeripheralClockFrequency
 .text.XMC_SCU_CLOCK_SetSystemClockSource
                0x0800071c       0x28 ./Libraries/XMCLib/src/xmc4_scu.o
                0x0800071c                XMC_SCU_CLOCK_SetSystemClockSource
 .text.XMC_SCU_CLOCK_SetUsbClockSource
                0x08000744       0x28 ./Libraries/XMCLib/src/xmc4_scu.o
                0x08000744                XMC_SCU_CLOCK_SetUsbClockSource
 .text.XMC_SCU_CLOCK_SetWdtClockSource
                0x0800076c       0x28 ./Libraries/XMCLib/src/xmc4_scu.o
                0x0800076c                XMC_SCU_CLOCK_SetWdtClockSource
 .text.XMC_SCU_CLOCK_SetSystemPllClockSource
                0x08000794       0x40 ./Libraries/XMCLib/src/xmc4_scu.o
                0x08000794                XMC_SCU_CLOCK_SetSystemPllClockSource
 .text.XMC_SCU_HIB_SetRtcClockSource
                0x080007d4       0x3c ./Libraries/XMCLib/src/xmc4_scu.o
                0x080007d4                XMC_SCU_HIB_SetRtcClockSource
 .text.XMC_SCU_HIB_SetStandbyClockSource
                0x08000810       0x3c ./Libraries/XMCLib/src/xmc4_scu.o
                0x08000810                XMC_SCU_HIB_SetStandbyClockSource
 .text.XMC_SCU_CLOCK_SetSystemClockDivider
                0x0800084c       0x28 ./Libraries/XMCLib/src/xmc4_scu.o
                0x0800084c                XMC_SCU_CLOCK_SetSystemClockDivider
 .text.XMC_SCU_CLOCK_SetCcuClockDivider
                0x08000874       0x28 ./Libraries/XMCLib/src/xmc4_scu.o
                0x08000874                XMC_SCU_CLOCK_SetCcuClockDivider
 .text.XMC_SCU_CLOCK_SetCpuClockDivider
                0x0800089c       0x28 ./Libraries/XMCLib/src/xmc4_scu.o
                0x0800089c                XMC_SCU_CLOCK_SetCpuClockDivider
 .text.XMC_SCU_CLOCK_SetPeripheralClockDivider
                0x080008c4       0x28 ./Libraries/XMCLib/src/xmc4_scu.o
                0x080008c4                XMC_SCU_CLOCK_SetPeripheralClockDivider
 .text.XMC_SCU_CLOCK_SetUsbClockDivider
                0x080008ec       0x28 ./Libraries/XMCLib/src/xmc4_scu.o
                0x080008ec                XMC_SCU_CLOCK_SetUsbClockDivider
 .text.XMC_SCU_CLOCK_SetEbuClockDivider
                0x08000914       0x28 ./Libraries/XMCLib/src/xmc4_scu.o
                0x08000914                XMC_SCU_CLOCK_SetEbuClockDivider
 .text.XMC_SCU_CLOCK_SetWdtClockDivider
                0x0800093c       0x28 ./Libraries/XMCLib/src/xmc4_scu.o
                0x0800093c                XMC_SCU_CLOCK_SetWdtClockDivider
 .text.XMC_SCU_CLOCK_EnableClock
                0x08000964       0x20 ./Libraries/XMCLib/src/xmc4_scu.o
                0x08000964                XMC_SCU_CLOCK_EnableClock
 .text.XMC_SCU_CLOCK_UngatePeripheralClock
                0x08000984       0x38 ./Libraries/XMCLib/src/xmc4_scu.o
                0x08000984                XMC_SCU_CLOCK_UngatePeripheralClock
 .text.XMC_SCU_CLOCK_IsPeripheralClockGated
                0x080009bc       0x48 ./Libraries/XMCLib/src/xmc4_scu.o
                0x080009bc                XMC_SCU_CLOCK_IsPeripheralClockGated
 .text.XMC_SCU_CLOCK_EnableUsbPll
                0x08000a04       0x20 ./Libraries/XMCLib/src/xmc4_scu.o
                0x08000a04                XMC_SCU_CLOCK_EnableUsbPll
 .text.XMC_SCU_CLOCK_StartUsbPll
                0x08000a24       0xb4 ./Libraries/XMCLib/src/xmc4_scu.o
                0x08000a24                XMC_SCU_CLOCK_StartUsbPll
 .text.XMC_SCU_CLOCK_SetBackupClockCalibrationMode
                0x08000ad8       0x4c ./Libraries/XMCLib/src/xmc4_scu.o
                0x08000ad8                XMC_SCU_CLOCK_SetBackupClockCalibrationMode
 .text.XMC_SCU_HIB_EnableHibernateDomain
                0x08000b24       0x58 ./Libraries/XMCLib/src/xmc4_scu.o
                0x08000b24                XMC_SCU_HIB_EnableHibernateDomain
 .text.XMC_SCU_CLOCK_IsLowPowerOscillatorStable
                0x08000b7c       0x24 ./Libraries/XMCLib/src/xmc4_scu.o
                0x08000b7c                XMC_SCU_CLOCK_IsLowPowerOscillatorStable
 .text.XMC_SCU_CLOCK_EnableLowPowerOscillator
                0x08000ba0       0x70 ./Libraries/XMCLib/src/xmc4_scu.o
                0x08000ba0                XMC_SCU_CLOCK_EnableLowPowerOscillator
 .text.XMC_SCU_CLOCK_EnableHighPerformanceOscillator
                0x08000c10       0x50 ./Libraries/XMCLib/src/xmc4_scu.o
                0x08000c10                XMC_SCU_CLOCK_EnableHighPerformanceOscillator
 .text.XMC_SCU_CLOCK_IsHighPerformanceOscillatorStable
                0x08000c60       0x28 ./Libraries/XMCLib/src/xmc4_scu.o
                0x08000c60                XMC_SCU_CLOCK_IsHighPerformanceOscillatorStable
 .text.XMC_SCU_CLOCK_EnableSystemPll
                0x08000c88       0x20 ./Libraries/XMCLib/src/xmc4_scu.o
                0x08000c88                XMC_SCU_CLOCK_EnableSystemPll
 .text.XMC_SCU_CLOCK_DisableSystemPll
                0x08000ca8       0x20 ./Libraries/XMCLib/src/xmc4_scu.o
                0x08000ca8                XMC_SCU_CLOCK_DisableSystemPll
 .text.XMC_SCU_CLOCK_StartSystemPll
                0x08000cc8      0x19c ./Libraries/XMCLib/src/xmc4_scu.o
                0x08000cc8                XMC_SCU_CLOCK_StartSystemPll
 .text.XMC_SCU_CLOCK_StepSystemPllFrequency
                0x08000e64       0x3c ./Libraries/XMCLib/src/xmc4_scu.o
                0x08000e64                XMC_SCU_CLOCK_StepSystemPllFrequency
 .text.XMC_CCU4_StartPrescaler
                0x08000ea0       0x1c ./Libraries/XMCLib/src/xmc_ccu4.o
 .text.XMC_CCU4_lDeassertReset
                0x08000ebc       0x60 ./Libraries/XMCLib/src/xmc_ccu4.o
 .text.XMC_CCU4_lUngateClock
                0x08000f1c       0x60 ./Libraries/XMCLib/src/xmc_ccu4.o
 .text.XMC_CCU4_EnableModule
                0x08000f7c       0x20 ./Libraries/XMCLib/src/xmc_ccu4.o
                0x08000f7c                XMC_CCU4_EnableModule
 .text.XMC_CCU4_Init
                0x08000f9c       0x3c ./Libraries/XMCLib/src/xmc_ccu4.o
                0x08000f9c                XMC_CCU4_Init
 .text.XMC_CCU4_SLICE_CompareInit
                0x08000fd8       0x6c ./Libraries/XMCLib/src/xmc_ccu4.o
                0x08000fd8                XMC_CCU4_SLICE_CompareInit
 .text.XMC_CCU4_SLICE_SetInterruptNode
                0x08001044       0xc8 ./Libraries/XMCLib/src/xmc_ccu4.o
                0x08001044                XMC_CCU4_SLICE_SetInterruptNode
 .text.XMC_GPIO_SetHardwareControl
                0x0800110c       0x44 ./Libraries/XMCLib/src/xmc_gpio.o
                0x0800110c                XMC_GPIO_SetHardwareControl
 .text.XMC_USIC_CH_GetTransmitBufferStatus
                0x08001150       0x20 ./Libraries/XMCLib/src/xmc_uart.o
 .text.XMC_UART_CH_ClearStatusFlag
                0x08001170       0x1c ./Libraries/XMCLib/src/xmc_uart.o
 .text.XMC_UART_CH_InitEx
                0x0800118c       0xd4 ./Libraries/XMCLib/src/xmc_uart.o
                0x0800118c                XMC_UART_CH_InitEx
 .text.XMC_UART_CH_Transmit
                0x08001260       0x4c ./Libraries/XMCLib/src/xmc_uart.o
                0x08001260                XMC_UART_CH_Transmit
 .text.XMC_UART_CH_GetReceivedData
                0x080012ac       0x34 ./Libraries/XMCLib/src/xmc_uart.o
                0x080012ac                XMC_UART_CH_GetReceivedData
 .text.XMC_UART_CH_DisableEvent
                0x080012e0       0x38 ./Libraries/XMCLib/src/xmc_uart.o
                0x080012e0                XMC_UART_CH_DisableEvent
 .text.XMC_USIC_CH_Enable
                0x08001318       0x98 ./Libraries/XMCLib/src/xmc_usic.o
                0x08001318                XMC_USIC_CH_Enable
 .text.XMC_USIC_CH_SetBaudrate
                0x080013b0       0xe4 ./Libraries/XMCLib/src/xmc_usic.o
                0x080013b0                XMC_USIC_CH_SetBaudrate
 .text.XMC_USIC_CH_SetBaudrateEx
                0x08001494      0x100 ./Libraries/XMCLib/src/xmc_usic.o
                0x08001494                XMC_USIC_CH_SetBaudrateEx
 .text.XMC_USIC_CH_RXFIFO_SetSizeTriggerLimit
                0x08001594       0x30 ./Libraries/XMCLib/src/xmc_usic.o
                0x08001594                XMC_USIC_CH_RXFIFO_SetSizeTriggerLimit
 .text.XMC_USIC_CH_SetInterruptNodePointer
                0x080015c4       0x38 ./Libraries/XMCLib/src/xmc_usic.o
                0x080015c4                XMC_USIC_CH_SetInterruptNodePointer
 .text.XMC_USIC_Enable
                0x080015fc       0xc0 ./Libraries/XMCLib/src/xmc_usic.o
                0x080015fc                XMC_USIC_Enable
 .text._sbrk    0x080016bc       0x68 ./Libraries/Newlib/syscalls.o
                0x080016bc                _sbrk
 .text._init    0x08001724        0xc ./Libraries/Newlib/syscalls.o
                0x08001724                _init
 .text.XMC_USIC_CH_EnableEvent
                0x08001730       0x20 ./Dave/Generated/UART/uart.o
 .text.XMC_USIC_CH_DisableEvent
                0x08001750       0x24 ./Dave/Generated/UART/uart.o
 .text.XMC_USIC_CH_GetTransmitBufferStatus
                0x08001774       0x20 ./Dave/Generated/UART/uart.o
 .text.XMC_USIC_CH_TriggerServiceRequest
                0x08001794       0x20 ./Dave/Generated/UART/uart.o
 .text.XMC_USIC_CH_TXFIFO_EnableEvent
                0x080017b4       0x24 ./Dave/Generated/UART/uart.o
 .text.XMC_USIC_CH_TXFIFO_DisableEvent
                0x080017d8       0x28 ./Dave/Generated/UART/uart.o
 .text.XMC_USIC_CH_TXFIFO_Flush
                0x08001800       0x1c ./Dave/Generated/UART/uart.o
 .text.XMC_USIC_CH_TXFIFO_IsFull
                0x0800181c       0x28 ./Dave/Generated/UART/uart.o
 .text.XMC_USIC_CH_TXFIFO_IsEmpty
                0x08001844       0x28 ./Dave/Generated/UART/uart.o
 .text.XMC_USIC_CH_RXFIFO_EnableEvent
                0x0800186c       0x24 ./Dave/Generated/UART/uart.o
 .text.XMC_USIC_CH_RXFIFO_DisableEvent
                0x08001890       0x28 ./Dave/Generated/UART/uart.o
 .text.XMC_USIC_CH_RXFIFO_Flush
                0x080018b8       0x1c ./Dave/Generated/UART/uart.o
 .text.XMC_USIC_CH_RXFIFO_IsEmpty
                0x080018d4       0x28 ./Dave/Generated/UART/uart.o
 .text.UART_Init
                0x080018fc       0x24 ./Dave/Generated/UART/uart.o
                0x080018fc                UART_Init
 .text.UART_Transmit
                0x08001920       0x38 ./Dave/Generated/UART/uart.o
                0x08001920                UART_Transmit
 .text.UART_Receive
                0x08001958       0x38 ./Dave/Generated/UART/uart.o
                0x08001958                UART_Receive
 .text.UART_AbortReceive
                0x08001990       0x64 ./Dave/Generated/UART/uart.o
                0x08001990                UART_AbortReceive
 .text.UART_StartTransmitIRQ
                0x080019f4       0xb8 ./Dave/Generated/UART/uart.o
                0x080019f4                UART_StartTransmitIRQ
 .text.UART_StartReceiveIRQ
                0x08001aac       0xac ./Dave/Generated/UART/uart.o
                0x08001aac                UART_StartReceiveIRQ
 .text.UART_lTransmitHandler
                0x08001b58      0x10c ./Dave/Generated/UART/uart.o
                0x08001b58                UART_lTransmitHandler
 .text.UART_lReceiveHandler
                0x08001c64      0x120 ./Dave/Generated/UART/uart.o
                0x08001c64                UART_lReceiveHandler
 .text.UART_lReconfigureRxFIFO
                0x08001d84       0x50 ./Dave/Generated/UART/uart.o
 .text.__NVIC_GetPriorityGrouping
                0x08001dd4       0x1c ./Dave/Generated/UART/uart_conf.o
 .text.__NVIC_EnableIRQ
                0x08001df0       0x38 ./Dave/Generated/UART/uart_conf.o
 .text.__NVIC_SetPriority
                0x08001e28       0x54 ./Dave/Generated/UART/uart_conf.o
 .text.NVIC_EncodePriority
                0x08001e7c       0x64 ./Dave/Generated/UART/uart_conf.o
 .text.XMC_USIC_CH_SetInputSource
                0x08001ee0       0x3c ./Dave/Generated/UART/uart_conf.o
 .text.XMC_UART_CH_Init
                0x08001f1c       0x1c ./Dave/Generated/UART/uart_conf.o
 .text.XMC_UART_CH_Start
                0x08001f38       0x24 ./Dave/Generated/UART/uart_conf.o
 .text.UART_0_init
                0x08001f5c       0xbc ./Dave/Generated/UART/uart_conf.o
                0x08001f5c                UART_0_init
 .text.USIC0_3_IRQHandler
                0x08002018       0x10 ./Dave/Generated/UART/uart_conf.o
                0x08002018                USIC0_3_IRQHandler
 .text.USIC0_5_IRQHandler
                0x08002028       0x10 ./Dave/Generated/UART/uart_conf.o
                0x08002028                USIC0_5_IRQHandler
 .text.XMC_CCU4_EnableClock
                0x08002038       0x20 ./Dave/Generated/TIMER/timer.o
 .text.XMC_CCU4_SLICE_StartTimer
                0x08002058       0x18 ./Dave/Generated/TIMER/timer.o
 .text.XMC_CCU4_SLICE_ClearTimer
                0x08002070       0x18 ./Dave/Generated/TIMER/timer.o
 .text.XMC_CCU4_SLICE_SetTimerPeriodMatch
                0x08002088       0x1c ./Dave/Generated/TIMER/timer.o
 .text.XMC_CCU4_SLICE_SetTimerCompareMatch
                0x080020a4       0x1c ./Dave/Generated/TIMER/timer.o
 .text.XMC_CCU4_EnableShadowTransfer
                0x080020c0       0x1c ./Dave/Generated/TIMER/timer.o
 .text.XMC_CCU4_SLICE_EnableEvent
                0x080020dc       0x2c ./Dave/Generated/TIMER/timer.o
 .text.TIMER_Init
                0x08002108       0x3c ./Dave/Generated/TIMER/timer.o
                0x08002108                TIMER_Init
 .text.TIMER_CCU4_lInit
                0x08002144       0x98 ./Dave/Generated/TIMER/timer.o
                0x08002144                TIMER_CCU4_lInit
 .text.TIMER_CCU4_lShadowTransfer
                0x080021dc       0x3c ./Dave/Generated/TIMER/timer.o
                0x080021dc                TIMER_CCU4_lShadowTransfer
 .text.__NVIC_GetPriorityGrouping
                0x08002218       0x1c ./Dave/Generated/SYSTIMER/systimer.o
 .text.__NVIC_SetPriority
                0x08002234       0x54 ./Dave/Generated/SYSTIMER/systimer.o
 .text.NVIC_EncodePriority
                0x08002288       0x64 ./Dave/Generated/SYSTIMER/systimer.o
 .text.SysTick_Config
                0x080022ec       0x44 ./Dave/Generated/SYSTIMER/systimer.o
 .text.SYSTIMER_lInsertTimerList
                0x08002330      0x1c4 ./Dave/Generated/SYSTIMER/systimer.o
 .text.SYSTIMER_lRemoveTimerList
                0x080024f4       0xc0 ./Dave/Generated/SYSTIMER/systimer.o
 .text.SYSTIMER_lTimerHandler
                0x080025b4       0xcc ./Dave/Generated/SYSTIMER/systimer.o
 .text.SysTick_Handler
                0x08002680       0x48 ./Dave/Generated/SYSTIMER/systimer.o
                0x08002680                SysTick_Handler
 .text.SYSTIMER_Init
                0x080026c8       0x74 ./Dave/Generated/SYSTIMER/systimer.o
                0x080026c8                SYSTIMER_Init
 .text.__NVIC_GetPriorityGrouping
                0x0800273c       0x1c ./Dave/Generated/INTERRUPT/interrupt.o
 .text.__NVIC_EnableIRQ
                0x08002758       0x38 ./Dave/Generated/INTERRUPT/interrupt.o
 .text.__NVIC_SetPriority
                0x08002790       0x54 ./Dave/Generated/INTERRUPT/interrupt.o
 .text.NVIC_EncodePriority
                0x080027e4       0x64 ./Dave/Generated/INTERRUPT/interrupt.o
 .text.INTERRUPT_Enable
                0x08002848       0x1c ./Dave/Generated/INTERRUPT/interrupt.o
 .text.INTERRUPT_Init
                0x08002864       0x4c ./Dave/Generated/INTERRUPT/interrupt.o
                0x08002864                INTERRUPT_Init
 .text.XMC_CCU4_StartPrescaler
                0x080028b0       0x1c ./Dave/Generated/GLOBAL_CCU4/global_ccu4.o
 .text.GLOBAL_CCU4_Init
                0x080028cc       0x40 ./Dave/Generated/GLOBAL_CCU4/global_ccu4.o
                0x080028cc                GLOBAL_CCU4_Init
 .text.DIGITAL_IO_Init
                0x0800290c       0x40 ./Dave/Generated/DIGITAL_IO/digital_io.o
                0x0800290c                DIGITAL_IO_Init
 .text.__NVIC_SetPriorityGrouping
                0x0800294c       0x48 ./Dave/Generated/CPU_CTRL_XMC4/cpu_ctrl_xmc4_conf.o
 .text.SystemCoreSetup
                0x08002994       0xa0 ./Dave/Generated/CPU_CTRL_XMC4/cpu_ctrl_xmc4_conf.o
                0x08002994                SystemCoreSetup
 .text.CLOCK_XMC4_Init
                0x08002a34       0x20 ./Dave/Generated/CLOCK_XMC4/clock_xmc4.o
                0x08002a34                CLOCK_XMC4_Init
 .text.OSCHP_GetFrequency
                0x08002a54       0x14 ./Dave/Generated/CLOCK_XMC4/clock_xmc4.o
                0x08002a54                OSCHP_GetFrequency
 .text.SystemCoreClockSetup
                0x08002a68       0x58 ./Dave/Generated/CLOCK_XMC4/clock_xmc4_conf.o
                0x08002a68                SystemCoreClockSetup
 .text.DAVE_Init
                0x08002ac0       0x9c ./Dave/Generated/DAVE.o
                0x08002ac0                DAVE_Init
 .text.generateRandomTemperature
                0x08002b5c       0x34 ./app.o
                0x08002b5c                generateRandomTemperature
 .text.setTimeout
                0x08002b90       0x20 ./app.o
                0x08002b90                setTimeout
 .text.isTimeout
                0x08002bb0       0x28 ./app.o
                0x08002bb0                isTimeout
 .text.CCU43_1_IRQHandler
                0x08002bd8       0x40 ./app.o
                0x08002bd8                CCU43_1_IRQHandler
 .text.endOfTransmissionCB_ISR
                0x08002c18       0x18 ./app.o
                0x08002c18                endOfTransmissionCB_ISR
 .text.endOfReceptionCB_ISR
                0x08002c30       0x18 ./app.o
                0x08002c30                endOfReceptionCB_ISR
 .text.createPubMQTTString
                0x08002c48       0x50 ./at_commander.o
                0x08002c48                createPubMQTTString
 .text.initModule
                0x08002c98       0x28 ./at_commander.o
                0x08002c98                initModule
 .text.updateRootCert
                0x08002cc0       0x4c ./at_commander.o
                0x08002cc0                updateRootCert
 .text.configureWLAN
                0x08002d0c       0x6c ./at_commander.o
                0x08002d0c                configureWLAN
 .text.startWLAN
                0x08002d78       0x30 ./at_commander.o
                0x08002d78                startWLAN
 .text.waitForAPConnect
                0x08002da8       0x40 ./at_commander.o
                0x08002da8                waitForAPConnect
 .text.configureCloud
                0x08002de8       0x70 ./at_commander.o
                0x08002de8                configureCloud
 .text.subscribeDPS
                0x08002e58       0x30 ./at_commander.o
                0x08002e58                subscribeDPS
 .text.publishDPSPut
                0x08002e88       0x44 ./at_commander.o
                0x08002e88                publishDPSPut
 .text.publishDPSGet
                0x08002ecc       0xb8 ./at_commander.o
                0x08002ecc                publishDPSGet
 .text.getAssignedHub
                0x08002f84       0xa8 ./at_commander.o
                0x08002f84                getAssignedHub
 .text.disconnectMQTT
                0x0800302c       0x28 ./at_commander.o
                0x0800302c                disconnectMQTT
 .text.reconnectCloud
                0x08003054       0x70 ./at_commander.o
                0x08003054                reconnectCloud
 .text.azureSubscribe_1
                0x080030c4       0x30 ./at_commander.o
                0x080030c4                azureSubscribe_1
 .text.azureSubscribe_2
                0x080030f4       0x30 ./at_commander.o
                0x080030f4                azureSubscribe_2
 .text.azureSubscribe_3
                0x08003124       0x30 ./at_commander.o
                0x08003124                azureSubscribe_3
 .text.publishTelemetry
                0x08003154       0x30 ./at_commander.o
                0x08003154                publishTelemetry
 .text.timeoutHandling
                0x08003184       0x1c ./at_commander.o
                0x08003184                timeoutHandling
 .text.ATCMD_Task
                0x080031a0       0xc8 ./at_commander.o
                0x080031a0                ATCMD_Task
 .text.ATCMD_Print
                0x08003268      0x164 ./at_commander.o
                0x08003268                ATCMD_Print
 .text.ATCMD_ReadLine
                0x080033cc       0x84 ./at_commander.o
                0x080033cc                ATCMD_ReadLine
 .text.ATCMD_strcon
                0x08003450       0x64 ./at_commander.o
                0x08003450                ATCMD_strcon
 .text.main     0x080034b4       0x1c ./main.o
                0x080034b4                main
 .text          0x080034d0      0x370 c:/infineon/tools/dave ide/4.5.0.202105191637/eclipse/arm-gcc-49/bin/../lib/gcc/arm-none-eabi/4.9.3/armv7e-m/softfp\libgcc.a(_arm_addsubdf3.o)
                0x080034d0                __aeabi_drsub
                0x080034d8                __aeabi_dsub
                0x080034d8                __subdf3
                0x080034dc                __aeabi_dadd
                0x080034dc                __adddf3
                0x08003754                __floatunsidf
                0x08003754                __aeabi_ui2d
                0x08003774                __floatsidf
                0x08003774                __aeabi_i2d
                0x08003798                __aeabi_f2d
                0x08003798                __extendsfdf2
                0x080037d4                __floatundidf
                0x080037d4                __aeabi_ul2d
                0x080037e4                __floatdidf
                0x080037e4                __aeabi_l2d
 .text.__errno  0x08003840        0xc c:/infineon/tools/dave ide/4.5.0.202105191637/eclipse/arm-gcc-49/bin/../lib/gcc/arm-none-eabi/4.9.3/../../../../arm-none-eabi/lib/armv7e-m/softfp\libg_nano.a(lib_a-errno.o)
                0x08003840                __errno
 .text.__libc_init_array
                0x0800384c       0x4c c:/infineon/tools/dave ide/4.5.0.202105191637/eclipse/arm-gcc-49/bin/../lib/gcc/arm-none-eabi/4.9.3/../../../../arm-none-eabi/lib/armv7e-m/softfp\libg_nano.a(lib_a-init.o)
                0x0800384c                __libc_init_array
 .text.memcpy   0x08003898       0x16 c:/infineon/tools/dave ide/4.5.0.202105191637/eclipse/arm-gcc-49/bin/../lib/gcc/arm-none-eabi/4.9.3/../../../../arm-none-eabi/lib/armv7e-m/softfp\libg_nano.a(lib_a-memcpy.o)
                0x08003898                memcpy
 .text.memset   0x080038ae       0x10 c:/infineon/tools/dave ide/4.5.0.202105191637/eclipse/arm-gcc-49/bin/../lib/gcc/arm-none-eabi/4.9.3/../../../../arm-none-eabi/lib/armv7e-m/softfp\libg_nano.a(lib_a-memset.o)
                0x080038ae                memset
 .text.__cvt    0x080038be       0xc0 c:/infineon/tools/dave ide/4.5.0.202105191637/eclipse/arm-gcc-49/bin/../lib/gcc/arm-none-eabi/4.9.3/../../../../arm-none-eabi/lib/armv7e-m/softfp\libg_nano.a(lib_a-nano-vfprintf_float.o)
                0x080038be                __cvt
 .text.__exponent
                0x0800397e       0x60 c:/infineon/tools/dave ide/4.5.0.202105191637/eclipse/arm-gcc-49/bin/../lib/gcc/arm-none-eabi/4.9.3/../../../../arm-none-eabi/lib/armv7e-m/softfp\libg_nano.a(lib_a-nano-vfprintf_float.o)
                0x0800397e                __exponent
 *fill*         0x080039de        0x2 
 .text._printf_float
                0x080039e0      0x488 c:/infineon/tools/dave ide/4.5.0.202105191637/eclipse/arm-gcc-49/bin/../lib/gcc/arm-none-eabi/4.9.3/../../../../arm-none-eabi/lib/armv7e-m/softfp\libg_nano.a(lib_a-nano-vfprintf_float.o)
                0x080039e0                _printf_float
 .text._printf_common
                0x08003e68       0xea c:/infineon/tools/dave ide/4.5.0.202105191637/eclipse/arm-gcc-49/bin/../lib/gcc/arm-none-eabi/4.9.3/../../../../arm-none-eabi/lib/armv7e-m/softfp\libg_nano.a(lib_a-nano-vfprintf_i.o)
                0x08003e68                _printf_common
 *fill*         0x08003f52        0x2 
 .text._printf_i
                0x08003f54      0x234 c:/infineon/tools/dave ide/4.5.0.202105191637/eclipse/arm-gcc-49/bin/../lib/gcc/arm-none-eabi/4.9.3/../../../../arm-none-eabi/lib/armv7e-m/softfp\libg_nano.a(lib_a-nano-vfprintf_i.o)
                0x08003f54                _printf_i
 .text.rand     0x08004188       0x74 c:/infineon/tools/dave ide/4.5.0.202105191637/eclipse/arm-gcc-49/bin/../lib/gcc/arm-none-eabi/4.9.3/../../../../arm-none-eabi/lib/armv7e-m/softfp\libg_nano.a(lib_a-rand.o)
                0x08004188                rand
 .text.__fpclassifyd
                0x080041fc       0x54 c:/infineon/tools/dave ide/4.5.0.202105191637/eclipse/arm-gcc-49/bin/../lib/gcc/arm-none-eabi/4.9.3/../../../../arm-none-eabi/lib/armv7e-m/softfp\libg_nano.a(lib_a-s_fpclassify.o)
                0x080041fc                __fpclassifyd
 .text.snprintf
                0x08004250       0x64 c:/infineon/tools/dave ide/4.5.0.202105191637/eclipse/arm-gcc-49/bin/../lib/gcc/arm-none-eabi/4.9.3/../../../../arm-none-eabi/lib/armv7e-m/softfp\libg_nano.a(lib_a-snprintf.o)
                0x08004250                sniprintf
                0x08004250                snprintf
 .text.sprintf  0x080042b4       0x48 c:/infineon/tools/dave ide/4.5.0.202105191637/eclipse/arm-gcc-49/bin/../lib/gcc/arm-none-eabi/4.9.3/../../../../arm-none-eabi/lib/armv7e-m/softfp\libg_nano.a(lib_a-sprintf.o)
                0x080042b4                siprintf
                0x080042b4                sprintf
 .text.strchr   0x080042fc       0x1c c:/infineon/tools/dave ide/4.5.0.202105191637/eclipse/arm-gcc-49/bin/../lib/gcc/arm-none-eabi/4.9.3/../../../../arm-none-eabi/lib/armv7e-m/softfp\libg_nano.a(lib_a-strchr.o)
                0x080042fc                strchr
 .text.strlen   0x08004318       0x10 c:/infineon/tools/dave ide/4.5.0.202105191637/eclipse/arm-gcc-49/bin/../lib/gcc/arm-none-eabi/4.9.3/../../../../arm-none-eabi/lib/armv7e-m/softfp\libg_nano.a(lib_a-strlen.o)
                0x08004318                strlen
 .text.strstr   0x08004328       0x30 c:/infineon/tools/dave ide/4.5.0.202105191637/eclipse/arm-gcc-49/bin/../lib/gcc/arm-none-eabi/4.9.3/../../../../arm-none-eabi/lib/armv7e-m/softfp\libg_nano.a(lib_a-strstr.o)
                0x08004328                strstr
 .text._vsnprintf_r
                0x08004358       0x52 c:/infineon/tools/dave ide/4.5.0.202105191637/eclipse/arm-gcc-49/bin/../lib/gcc/arm-none-eabi/4.9.3/../../../../arm-none-eabi/lib/armv7e-m/softfp\libg_nano.a(lib_a-vsnprintf.o)
                0x08004358                _vsniprintf_r
                0x08004358                _vsnprintf_r
 *fill*         0x080043aa        0x2 
 .text.vsnprintf
                0x080043ac       0x20 c:/infineon/tools/dave ide/4.5.0.202105191637/eclipse/arm-gcc-49/bin/../lib/gcc/arm-none-eabi/4.9.3/../../../../arm-none-eabi/lib/armv7e-m/softfp\libg_nano.a(lib_a-vsnprintf.o)
                0x080043ac                vsniprintf
                0x080043ac                vsnprintf
 .text.quorem   0x080043cc      0x11a c:/infineon/tools/dave ide/4.5.0.202105191637/eclipse/arm-gcc-49/bin/../lib/gcc/arm-none-eabi/4.9.3/../../../../arm-none-eabi/lib/armv7e-m/softfp\libg_nano.a(lib_a-dtoa.o)
 *fill*         0x080044e6        0x2 
 .text._dtoa_r  0x080044e8      0xb88 c:/infineon/tools/dave ide/4.5.0.202105191637/eclipse/arm-gcc-49/bin/../lib/gcc/arm-none-eabi/4.9.3/../../../../arm-none-eabi/lib/armv7e-m/softfp\libg_nano.a(lib_a-dtoa.o)
                0x080044e8                _dtoa_r
 .text._localeconv_r
                0x08005070        0x8 c:/infineon/tools/dave ide/4.5.0.202105191637/eclipse/arm-gcc-49/bin/../lib/gcc/arm-none-eabi/4.9.3/../../../../arm-none-eabi/lib/armv7e-m/softfp\libg_nano.a(lib_a-locale.o)
                0x08005070                _localeconv_r
 .text.malloc   0x08005078       0x10 c:/infineon/tools/dave ide/4.5.0.202105191637/eclipse/arm-gcc-49/bin/../lib/gcc/arm-none-eabi/4.9.3/../../../../arm-none-eabi/lib/armv7e-m/softfp\libg_nano.a(lib_a-malloc.o)
                0x08005078                malloc
 .text.memchr   0x08005088       0x1e c:/infineon/tools/dave ide/4.5.0.202105191637/eclipse/arm-gcc-49/bin/../lib/gcc/arm-none-eabi/4.9.3/../../../../arm-none-eabi/lib/armv7e-m/softfp\libg_nano.a(lib_a-memchr.o)
                0x08005088                memchr
 .text._Balloc  0x080050a6       0x6a c:/infineon/tools/dave ide/4.5.0.202105191637/eclipse/arm-gcc-49/bin/../lib/gcc/arm-none-eabi/4.9.3/../../../../arm-none-eabi/lib/armv7e-m/softfp\libg_nano.a(lib_a-mprec.o)
                0x080050a6                _Balloc
 .text._Bfree   0x08005110       0x2e c:/infineon/tools/dave ide/4.5.0.202105191637/eclipse/arm-gcc-49/bin/../lib/gcc/arm-none-eabi/4.9.3/../../../../arm-none-eabi/lib/armv7e-m/softfp\libg_nano.a(lib_a-mprec.o)
                0x08005110                _Bfree
 .text.__multadd
                0x0800513e       0x7c c:/infineon/tools/dave ide/4.5.0.202105191637/eclipse/arm-gcc-49/bin/../lib/gcc/arm-none-eabi/4.9.3/../../../../arm-none-eabi/lib/armv7e-m/softfp\libg_nano.a(lib_a-mprec.o)
                0x0800513e                __multadd
 .text.__hi0bits
                0x080051ba       0x40 c:/infineon/tools/dave ide/4.5.0.202105191637/eclipse/arm-gcc-49/bin/../lib/gcc/arm-none-eabi/4.9.3/../../../../arm-none-eabi/lib/armv7e-m/softfp\libg_nano.a(lib_a-mprec.o)
                0x080051ba                __hi0bits
 .text.__lo0bits
                0x080051fa       0x5a c:/infineon/tools/dave ide/4.5.0.202105191637/eclipse/arm-gcc-49/bin/../lib/gcc/arm-none-eabi/4.9.3/../../../../arm-none-eabi/lib/armv7e-m/softfp\libg_nano.a(lib_a-mprec.o)
                0x080051fa                __lo0bits
 .text.__i2b    0x08005254       0x12 c:/infineon/tools/dave ide/4.5.0.202105191637/eclipse/arm-gcc-49/bin/../lib/gcc/arm-none-eabi/4.9.3/../../../../arm-none-eabi/lib/armv7e-m/softfp\libg_nano.a(lib_a-mprec.o)
                0x08005254                __i2b
 .text.__multiply
                0x08005266      0x122 c:/infineon/tools/dave ide/4.5.0.202105191637/eclipse/arm-gcc-49/bin/../lib/gcc/arm-none-eabi/4.9.3/../../../../arm-none-eabi/lib/armv7e-m/softfp\libg_nano.a(lib_a-mprec.o)
                0x08005266                __multiply
 .text.__pow5mult
                0x08005388       0x9c c:/infineon/tools/dave ide/4.5.0.202105191637/eclipse/arm-gcc-49/bin/../lib/gcc/arm-none-eabi/4.9.3/../../../../arm-none-eabi/lib/armv7e-m/softfp\libg_nano.a(lib_a-mprec.o)
                0x08005388                __pow5mult
 .text.__lshift
                0x08005424       0xa6 c:/infineon/tools/dave ide/4.5.0.202105191637/eclipse/arm-gcc-49/bin/../lib/gcc/arm-none-eabi/4.9.3/../../../../arm-none-eabi/lib/armv7e-m/softfp\libg_nano.a(lib_a-mprec.o)
                0x08005424                __lshift
 .text.__mcmp   0x080054ca       0x38 c:/infineon/tools/dave ide/4.5.0.202105191637/eclipse/arm-gcc-49/bin/../lib/gcc/arm-none-eabi/4.9.3/../../../../arm-none-eabi/lib/armv7e-m/softfp\libg_nano.a(lib_a-mprec.o)
                0x080054ca                __mcmp
 .text.__mdiff  0x08005502       0xbe c:/infineon/tools/dave ide/4.5.0.202105191637/eclipse/arm-gcc-49/bin/../lib/gcc/arm-none-eabi/4.9.3/../../../../arm-none-eabi/lib/armv7e-m/softfp\libg_nano.a(lib_a-mprec.o)
                0x08005502                __mdiff
 .text.__d2b    0x080055c0       0xa4 c:/infineon/tools/dave ide/4.5.0.202105191637/eclipse/arm-gcc-49/bin/../lib/gcc/arm-none-eabi/4.9.3/../../../../arm-none-eabi/lib/armv7e-m/softfp\libg_nano.a(lib_a-mprec.o)
                0x080055c0                __d2b
 .text._calloc_r
                0x08005664       0x1c c:/infineon/tools/dave ide/4.5.0.202105191637/eclipse/arm-gcc-49/bin/../lib/gcc/arm-none-eabi/4.9.3/../../../../arm-none-eabi/lib/armv7e-m/softfp\libg_nano.a(lib_a-nano-callocr.o)
                0x08005664                _calloc_r
 .text._free_r  0x08005680       0x88 c:/infineon/tools/dave ide/4.5.0.202105191637/eclipse/arm-gcc-49/bin/../lib/gcc/arm-none-eabi/4.9.3/../../../../arm-none-eabi/lib/armv7e-m/softfp\libg_nano.a(lib_a-nano-freer.o)
                0x08005680                _free_r
 .text._malloc_r
                0x08005708       0xac c:/infineon/tools/dave ide/4.5.0.202105191637/eclipse/arm-gcc-49/bin/../lib/gcc/arm-none-eabi/4.9.3/../../../../arm-none-eabi/lib/armv7e-m/softfp\libg_nano.a(lib_a-nano-mallocr.o)
                0x08005708                _malloc_r
 .text.__ssputs_r
                0x080057b4       0xb2 c:/infineon/tools/dave ide/4.5.0.202105191637/eclipse/arm-gcc-49/bin/../lib/gcc/arm-none-eabi/4.9.3/../../../../arm-none-eabi/lib/armv7e-m/softfp\libg_nano.a(lib_a-nano-svfprintf.o)
                0x080057b4                __ssputs_r
 *fill*         0x08005866        0x2 
 .text._svfprintf_r
                0x08005868      0x1e4 c:/infineon/tools/dave ide/4.5.0.202105191637/eclipse/arm-gcc-49/bin/../lib/gcc/arm-none-eabi/4.9.3/../../../../arm-none-eabi/lib/armv7e-m/softfp\libg_nano.a(lib_a-nano-svfprintf.o)
                0x08005868                _svfiprintf_r
                0x08005868                _svfprintf_r
 .text._sbrk_r  0x08005a4c       0x20 c:/infineon/tools/dave ide/4.5.0.202105191637/eclipse/arm-gcc-49/bin/../lib/gcc/arm-none-eabi/4.9.3/../../../../arm-none-eabi/lib/armv7e-m/softfp\libg_nano.a(lib_a-sbrkr.o)
                0x08005a4c                _sbrk_r
 .text.memmove  0x08005a6c       0x36 c:/infineon/tools/dave ide/4.5.0.202105191637/eclipse/arm-gcc-49/bin/../lib/gcc/arm-none-eabi/4.9.3/../../../../arm-none-eabi/lib/armv7e-m/softfp\libg_nano.a(lib_a-memmove.o)
                0x08005a6c                memmove
 .text._realloc_r
                0x08005aa2       0x4c c:/infineon/tools/dave ide/4.5.0.202105191637/eclipse/arm-gcc-49/bin/../lib/gcc/arm-none-eabi/4.9.3/../../../../arm-none-eabi/lib/armv7e-m/softfp\libg_nano.a(lib_a-nano-reallocr.o)
                0x08005aa2                _realloc_r
 .text._malloc_usable_size_r
                0x08005aee       0x14 c:/infineon/tools/dave ide/4.5.0.202105191637/eclipse/arm-gcc-49/bin/../lib/gcc/arm-none-eabi/4.9.3/../../../../arm-none-eabi/lib/armv7e-m/softfp\libg_nano.a(lib_a-nano-msizer.o)
                0x08005aee                _malloc_usable_size_r
 *fill*         0x08005b02        0x2 
 .text          0x08005b04      0x424 c:/infineon/tools/dave ide/4.5.0.202105191637/eclipse/arm-gcc-49/bin/../lib/gcc/arm-none-eabi/4.9.3/armv7e-m/softfp\libgcc.a(_arm_muldivdf3.o)
                0x08005b04                __aeabi_dmul
                0x08005b04                __muldf3
                0x08005d58                __divdf3
                0x08005d58                __aeabi_ddiv
 .text          0x08005f28      0x110 c:/infineon/tools/dave ide/4.5.0.202105191637/eclipse/arm-gcc-49/bin/../lib/gcc/arm-none-eabi/4.9.3/armv7e-m/softfp\libgcc.a(_arm_cmpdf2.o)
                0x08005f28                __gtdf2
                0x08005f28                __gedf2
                0x08005f30                __ltdf2
                0x08005f30                __ledf2
                0x08005f38                __nedf2
                0x08005f38                __eqdf2
                0x08005f38                __cmpdf2
                0x08005fb4                __aeabi_cdrcmple
                0x08005fc4                __aeabi_cdcmpeq
                0x08005fc4                __aeabi_cdcmple
                0x08005fd4                __aeabi_dcmpeq
                0x08005fe8                __aeabi_dcmplt
                0x08005ffc                __aeabi_dcmple
                0x08006010                __aeabi_dcmpge
                0x08006024                __aeabi_dcmpgt
 .text          0x08006038       0x50 c:/infineon/tools/dave ide/4.5.0.202105191637/eclipse/arm-gcc-49/bin/../lib/gcc/arm-none-eabi/4.9.3/armv7e-m/softfp\libgcc.a(_arm_fixdfsi.o)
                0x08006038                __aeabi_d2iz
                0x08006038                __fixdfsi
 *(.init)
 *(.fini)
 *crtbegin.o(.ctors)
 *crtbegin?.o(.ctors)
 *(EXCLUDE_FILE(*crtend.o *crtend?.o) .ctors)
 *(SORT(.ctors.*))
 *(.ctors)
 *crtbegin.o(.dtors)
 *crtbegin?.o(.dtors)
 *(EXCLUDE_FILE(*crtend.o *crtend?.o) .dtors)
 *(SORT(.dtors.*))
 *(.dtors)
 *(.rodata .rodata.*)
 .rodata.UART_0_channel_config
                0x08006088        0xc ./Dave/Generated/UART/uart_conf.o
                0x08006088                UART_0_channel_config
 .rodata.UART_0_tx_pin_config
                0x08006094        0xc ./Dave/Generated/UART/uart_conf.o
                0x08006094                UART_0_tx_pin_config
 .rodata.UART_0_tx_pin
                0x080060a0        0xc ./Dave/Generated/UART/uart_conf.o
                0x080060a0                UART_0_tx_pin
 .rodata.UART_0_config
                0x080060ac       0x30 ./Dave/Generated/UART/uart_conf.o
                0x080060ac                UART_0_config
 .rodata.UART_0_rx_pin_config
                0x080060dc        0xc ./Dave/Generated/UART/uart_conf.o
                0x080060dc                UART_0_rx_pin_config
 .rodata.Timer0_INT
                0x080060e8        0x4 ./Dave/Generated/INTERRUPT/interrupt_conf.o
                0x080060e8                Timer0_INT
 .rodata.LED1   0x080060ec       0x14 ./Dave/Generated/DIGITAL_IO/digital_io_conf.o
                0x080060ec                LED1
 .rodata.BUTTON1
                0x08006100       0x14 ./Dave/Generated/DIGITAL_IO/digital_io_conf.o
                0x08006100                BUTTON1
 .rodata        0x08006114       0x14 ./Dave/Generated/CLOCK_XMC4/clock_xmc4_conf.o
 .rodata.digiCertGlobalRootG2
                0x08006128      0x510 ./at_commander.o
                0x08006128                digiCertGlobalRootG2
 .rodata.okResponse
                0x08006638        0x8 ./at_commander.o
                0x08006638                okResponse
 .rodata        0x08006640      0x3c0 ./at_commander.o
 .rodata.str1.1
                0x08006a00        0x2 c:/infineon/tools/dave ide/4.5.0.202105191637/eclipse/arm-gcc-49/bin/../lib/gcc/arm-none-eabi/4.9.3/../../../../arm-none-eabi/lib/armv7e-m/softfp\libg_nano.a(lib_a-impure.o)
 .rodata.str1.1
                0x08006a02       0x12 c:/infineon/tools/dave ide/4.5.0.202105191637/eclipse/arm-gcc-49/bin/../lib/gcc/arm-none-eabi/4.9.3/../../../../arm-none-eabi/lib/armv7e-m/softfp\libg_nano.a(lib_a-nano-vfprintf_float.o)
 .rodata.str1.1
                0x08006a14       0x22 c:/infineon/tools/dave ide/4.5.0.202105191637/eclipse/arm-gcc-49/bin/../lib/gcc/arm-none-eabi/4.9.3/../../../../arm-none-eabi/lib/armv7e-m/softfp\libg_nano.a(lib_a-nano-vfprintf_i.o)
 .rodata.str1.1
                0x08006a36        0xd c:/infineon/tools/dave ide/4.5.0.202105191637/eclipse/arm-gcc-49/bin/../lib/gcc/arm-none-eabi/4.9.3/../../../../arm-none-eabi/lib/armv7e-m/softfp\libg_nano.a(lib_a-dtoa.o)
                                  0xf (size before relaxing)
 .rodata.str1.1
                0x08006a43        0x8 c:/infineon/tools/dave ide/4.5.0.202105191637/eclipse/arm-gcc-49/bin/../lib/gcc/arm-none-eabi/4.9.3/../../../../arm-none-eabi/lib/armv7e-m/softfp\libg_nano.a(lib_a-locale.o)
                                  0xb (size before relaxing)
 *fill*         0x08006a4b        0x5 
 .rodata.__mprec_tens
                0x08006a50       0xc8 c:/infineon/tools/dave ide/4.5.0.202105191637/eclipse/arm-gcc-49/bin/../lib/gcc/arm-none-eabi/4.9.3/../../../../arm-none-eabi/lib/armv7e-m/softfp\libg_nano.a(lib_a-mprec.o)
                0x08006a50                __mprec_tens
 .rodata.__mprec_bigtens
                0x08006b18       0x28 c:/infineon/tools/dave ide/4.5.0.202105191637/eclipse/arm-gcc-49/bin/../lib/gcc/arm-none-eabi/4.9.3/../../../../arm-none-eabi/lib/armv7e-m/softfp\libg_nano.a(lib_a-mprec.o)
                0x08006b18                __mprec_bigtens
 .rodata.p05.5277
                0x08006b40        0xc c:/infineon/tools/dave ide/4.5.0.202105191637/eclipse/arm-gcc-49/bin/../lib/gcc/arm-none-eabi/4.9.3/../../../../arm-none-eabi/lib/armv7e-m/softfp\libg_nano.a(lib_a-mprec.o)
 .rodata.str1.1
                0x08006b4c       0x11 c:/infineon/tools/dave ide/4.5.0.202105191637/eclipse/arm-gcc-49/bin/../lib/gcc/arm-none-eabi/4.9.3/../../../../arm-none-eabi/lib/armv7e-m/softfp\libg_nano.a(lib_a-nano-svfprintf.o)
 *(.gnu.linkonce.r*)
 *(vtable)
                0x08006b60                . = ALIGN (0x4)
 *fill*         0x08006b5d        0x3 

.glue_7         0x08006b60        0x0 load address 0x0c006b60
 .glue_7        0x00000000        0x0 linker stubs

.glue_7t        0x08006b60        0x0 load address 0x0c006b60
 .glue_7t       0x00000000        0x0 linker stubs

.vfp11_veneer   0x08006b60        0x0 load address 0x0c006b60
 .vfp11_veneer  0x00000000        0x0 linker stubs

.v4_bx          0x08006b60        0x0 load address 0x0c006b60
 .v4_bx         0x00000000        0x0 linker stubs

.iplt           0x08006b60        0x0 load address 0x0c006b60
 .iplt          0x00000000        0x0 ./Startup/startup_XMC4700.o

.eh_frame_hdr
 *(.eh_frame_hdr)

.eh_frame       0x08006b60        0x0 load address 0x0c006b60
 *(.eh_frame)
 .eh_frame      0x08006b60        0x0 c:/infineon/tools/dave ide/4.5.0.202105191637/eclipse/arm-gcc-49/bin/../lib/gcc/arm-none-eabi/4.9.3/../../../../arm-none-eabi/lib/armv7e-m/softfp\libg_nano.a(lib_a-strcmp.o)
                                 0x28 (size before relaxing)

.rel.dyn        0x08006b60        0x0 load address 0x0c006b60
 .rel.iplt      0x00000000        0x0 ./Startup/startup_XMC4700.o

.ARM.extab
 *(.ARM.extab* .gnu.linkonce.armextab.*)
                0x08006b60                . = ALIGN (0x4)
                0x08006b60                __exidx_start = .

.ARM.exidx
 *(.ARM.exidx* .gnu.linkonce.armexidx.*)
                0x08006b60                __exidx_end = .
                0x08006b60                . = ALIGN (0x4)

Stack           0x1ffe8000      0x800
                0x1ffe8000                __stack_start = .
                0x1ffe8800                . = (. + stack_size)
 *fill*         0x1ffe8000      0x800 
                0x1ffe8800                __stack_end = .
                0x1ffe8800                __initial_sp = .

.ram_code       0x1ffe8800        0x0 load address 0x0c006b60
                0x1ffe8800                . = ALIGN (0x4)
                0x1ffe8800                __ram_code_start = .
 *(.ram_code)
                0x1ffe8800                . = ALIGN (0x4)
                0x1ffe8800                __ram_code_end = .
                0x0c006b60                __ram_code_load = LOADADDR (.ram_code)
                0x00000000                __ram_code_size = (__ram_code_end - __ram_code_start)

.data           0x1ffe8800      0x200 load address 0x0c006b60
                0x1ffe8800                . = ALIGN (0x4)
                0x1ffe8800                __data_start = .
 *(.data)
 *(.data*)
 .data.UART_0   0x1ffe8800        0xc ./Dave/Generated/UART/uart_conf.o
                0x1ffe8800                UART_0
 .data.TIMER_0_config
                0x1ffe880c        0x8 ./Dave/Generated/TIMER/timer_conf.o
                0x1ffe880c                TIMER_0_config
 .data.TIMER_0  0x1ffe8814       0x28 ./Dave/Generated/TIMER/timer_conf.o
                0x1ffe8814                TIMER_0
 .data.GLOBAL_CCU4_0
                0x1ffe883c       0x10 ./Dave/Generated/GLOBAL_CCU4/global_ccu4_conf.o
                0x1ffe883c                GLOBAL_CCU4_0
 .data.myBrokerAdress
                0x1ffe884c       0x4c ./at_commander.o
                0x1ffe884c                myBrokerAdress
 .data.deviceId
                0x1ffe8898       0x34 ./at_commander.o
                0x1ffe8898                deviceId
 .data.brokerUsername
                0x1ffe88cc       0x98 ./at_commander.o
                0x1ffe88cc                brokerUsername
 .data.impure_data
                0x1ffe8964       0x60 c:/infineon/tools/dave ide/4.5.0.202105191637/eclipse/arm-gcc-49/bin/../lib/gcc/arm-none-eabi/4.9.3/../../../../arm-none-eabi/lib/armv7e-m/softfp\libg_nano.a(lib_a-impure.o)
 .data._impure_ptr
                0x1ffe89c4        0x4 c:/infineon/tools/dave ide/4.5.0.202105191637/eclipse/arm-gcc-49/bin/../lib/gcc/arm-none-eabi/4.9.3/../../../../arm-none-eabi/lib/armv7e-m/softfp\libg_nano.a(lib_a-impure.o)
                0x1ffe89c4                _impure_ptr
 .data.lconv    0x1ffe89c8       0x38 c:/infineon/tools/dave ide/4.5.0.202105191637/eclipse/arm-gcc-49/bin/../lib/gcc/arm-none-eabi/4.9.3/../../../../arm-none-eabi/lib/armv7e-m/softfp\libg_nano.a(lib_a-locale.o)
 *(*.data)
 *(.gnu.linkonce.d*)
                0x1ffe8a00                . = ALIGN (0x4)
                0x1ffe8a00                PROVIDE (__preinit_array_start, .)
 *(.preinit_array)
                0x1ffe8a00                PROVIDE (__preinit_array_end, .)
                0x1ffe8a00                . = ALIGN (0x4)
                0x1ffe8a00                PROVIDE (__init_array_start, .)
 *(SORT(.init_array.*))
 *(.init_array)
                0x1ffe8a00                PROVIDE (__init_array_end, .)
                0x1ffe8a00                . = ALIGN (0x4)
                0x1ffe8a00                PROVIDE (__fini_array_start, .)
 *(SORT(.fini_array.*))
 *(.fini_array)
                0x1ffe8a00                PROVIDE (__fini_array_end, .)
                0x1ffe8a00                . = ALIGN (0x4)
                0x1ffe8a00                __data_end = .
                0x0c006b60                __data_load = LOADADDR (.data)
                0x00000200                __data_size = (__data_end - __data_start)
                0x00006d60                __text_size = (((__exidx_end - sText) + __data_size) + __ram_code_size)
                0x08006d60                eText = (sText + __text_size)

.igot.plt       0x1ffe8a00        0x0 load address 0x0c006d60
 .igot.plt      0x00000000        0x0 ./Startup/startup_XMC4700.o

.bss            0x1ffe8a00     0x1878 load address 0x0c006d60
                0x1ffe8a00                . = ALIGN (0x4)
                0x1ffe8a00                __bss_start = .
 *(.bss)
 *(.bss*)
 .bss.heap_ptr.4331
                0x1ffe8a00        0x4 ./Libraries/Newlib/syscalls.o
 .bss.UART_0_runtime
                0x1ffe8a04       0x1c ./Dave/Generated/UART/uart_conf.o
                0x1ffe8a04                UART_0_runtime
 .bss.g_timer_list
                0x1ffe8a20        0x4 ./Dave/Generated/SYSTIMER/systimer.o
                0x1ffe8a20                g_timer_list
 .bss.g_timer_tracker
                0x1ffe8a24        0x4 ./Dave/Generated/SYSTIMER/systimer.o
                0x1ffe8a24                g_timer_tracker
 .bss.g_systick_count
                0x1ffe8a28        0x4 ./Dave/Generated/SYSTIMER/systimer.o
                0x1ffe8a28                g_systick_count
 .bss.SYSTIC    0x1ffe8a2c        0x4 ./Dave/Generated/SYSTIMER/systimer_conf.o
                0x1ffe8a2c                SYSTIC
 .bss.CLOCK_XMC4_0
                0x1ffe8a30        0x4 ./Dave/Generated/CLOCK_XMC4/clock_xmc4_conf.o
                0x1ffe8a30                CLOCK_XMC4_0
 .bss.u16timerFlag
                0x1ffe8a34        0x2 ./app.o
                0x1ffe8a34                u16timerFlag
 .bss.u16myTime
                0x1ffe8a36        0x2 ./app.o
                0x1ffe8a36                u16myTime
 .bss.bMyTimeoutFlag
                0x1ffe8a38        0x1 ./app.o
                0x1ffe8a38                bMyTimeoutFlag
 .bss.bTxReady  0x1ffe8a39        0x1 ./app.o
                0x1ffe8a39                bTxReady
 .bss.bRxReady  0x1ffe8a3a        0x1 ./app.o
                0x1ffe8a3a                bRxReady
 .bss.ATCMD_state
                0x1ffe8a3b        0x1 ./at_commander.o
                0x1ffe8a3b                ATCMD_state
 .bss.ATCMD_Error_Code
                0x1ffe8a3c        0x1 ./at_commander.o
                0x1ffe8a3c                ATCMD_Error_Code
 *fill*         0x1ffe8a3d        0x3 
 .bss.__malloc_sbrk_start
                0x1ffe8a40        0x4 c:/infineon/tools/dave ide/4.5.0.202105191637/eclipse/arm-gcc-49/bin/../lib/gcc/arm-none-eabi/4.9.3/../../../../arm-none-eabi/lib/armv7e-m/softfp\libg_nano.a(lib_a-nano-mallocr.o)
                0x1ffe8a40                __malloc_sbrk_start
 .bss.__malloc_free_list
                0x1ffe8a44        0x4 c:/infineon/tools/dave ide/4.5.0.202105191637/eclipse/arm-gcc-49/bin/../lib/gcc/arm-none-eabi/4.9.3/../../../../arm-none-eabi/lib/armv7e-m/softfp\libg_nano.a(lib_a-nano-mallocr.o)
                0x1ffe8a44                __malloc_free_list
 *(COMMON)
 COMMON         0x1ffe8a48      0x120 ./Dave/Generated/SYSTIMER/systimer.o
                0x1ffe8a48                g_timer_tbl
 COMMON         0x1ffe8b68     0x170c ./at_commander.o
                0x1ffe8b68                resultPtrMQTTPUB
                0x1ffe8b6c                ATCMD_ReceiveBuffer
                0x1ffe8f6c                azureAssignedHub
                0x1ffe8f70                ATCMD_TransmittBuffer
                0x1ffe9770                bufferPayload
                0x1ffe9870                buffer
                0x1ffea070                json
                0x1ffea170                operationID
                0x1ffea174                pubString
 COMMON         0x1ffea274        0x4 c:/infineon/tools/dave ide/4.5.0.202105191637/eclipse/arm-gcc-49/bin/../lib/gcc/arm-none-eabi/4.9.3/../../../../arm-none-eabi/lib/armv7e-m/softfp\libg_nano.a(lib_a-reent.o)
                0x1ffea274                errno
 *(.gnu.linkonce.b*)
                0x1ffea278                . = ALIGN (0x4)
                0x1ffea278                __bss_end = .
                0x00001878                __bss_size = (__bss_end - __bss_start)
                0x00015d88                __shift_loc = (__bss_end >= ORIGIN (DSRAM_1_system))?0x0:(ORIGIN (DSRAM_1_system) - __bss_end)

USB_RAM         0x20000000        0x0
                0x20000000                . = ALIGN (0x4)
                0x20000000                USB_RAM_start = .
 *(USB_RAM)
                0x20000000                . = ALIGN (0x4)
                0x20000000                USB_RAM_end = .
                0x00000000                USB_RAM_size = (USB_RAM_end - USB_RAM_start)

ETH_RAM         0x20000000        0x0
                0x20000000                . = ALIGN (0x4)
                0x20000000                ETH_RAM_start = .
 *(ETH_RAM)
                0x20000000                . = ALIGN (0x4)
                0x20000000                ETH_RAM_end = .
                0x20000000                . = ALIGN (0x8)
                0x20000000                Heap_Bank1_Start = .
                0x00000000                ETH_RAM_size = (ETH_RAM_end - ETH_RAM_start)

.no_init        0x2003ffc0       0x14
                0x2003ffc0                Heap_Bank1_End = .
 *(.no_init)
 .no_init       0x2003ffc0       0x14 ./Startup/system_XMC4700.o
                0x2003ffc0                SystemCoreClock
                0x2003ffc4                g_chipid
                0x0003ffc0                Heap_Bank1_Size = (Heap_Bank1_End - Heap_Bank1_Start)
                0x00000001                ASSERT ((Heap_Bank1_Start <= Heap_Bank1_End), region SRAM_combined overflowed no_init section)

/DISCARD/
 *(.comment)

.stab
 *(.stab)

.stabstr
 *(.stabstr)

.debug
 *(.debug)

.line
 *(.line)

.debug_srcinfo
 *(.debug_srcinfo)

.debug_sfnames
 *(.debug_sfnames)

.debug_aranges  0x00000000      0xd30
 *(.debug_aranges)
 .debug_aranges
                0x00000000       0x20 ./Startup/startup_XMC4700.o
 .debug_aranges
                0x00000020       0x48 ./Startup/system_XMC4700.o
 .debug_aranges
                0x00000068       0x28 ./Libraries/XMCLib/src/xmc4_gpio.o
 .debug_aranges
                0x00000090      0x3e0 ./Libraries/XMCLib/src/xmc4_scu.o
 .debug_aranges
                0x00000470      0x138 ./Libraries/XMCLib/src/xmc_ccu4.o
 .debug_aranges
                0x000005a8       0x28 ./Libraries/XMCLib/src/xmc_gpio.o
 .debug_aranges
                0x000005d0       0x78 ./Libraries/XMCLib/src/xmc_uart.o
 .debug_aranges
                0x00000648       0xb8 ./Libraries/XMCLib/src/xmc_usic.o
 .debug_aranges
                0x00000700       0x28 ./Libraries/Newlib/syscalls.o
 .debug_aranges
                0x00000728       0xf8 ./Dave/Generated/UART/uart.o
 .debug_aranges
                0x00000820       0x68 ./Dave/Generated/UART/uart_conf.o
 .debug_aranges
                0x00000888       0xd8 ./Dave/Generated/TIMER/timer.o
 .debug_aranges
                0x00000960       0x18 ./Dave/Generated/TIMER/timer_conf.o
 .debug_aranges
                0x00000978       0xe0 ./Dave/Generated/SYSTIMER/systimer.o
 .debug_aranges
                0x00000a58       0x18 ./Dave/Generated/SYSTIMER/systimer_conf.o
 .debug_aranges
                0x00000a70       0x50 ./Dave/Generated/INTERRUPT/interrupt.o
 .debug_aranges
                0x00000ac0       0x18 ./Dave/Generated/INTERRUPT/interrupt_conf.o
 .debug_aranges
                0x00000ad8       0x30 ./Dave/Generated/GLOBAL_CCU4/global_ccu4.o
 .debug_aranges
                0x00000b08       0x18 ./Dave/Generated/GLOBAL_CCU4/global_ccu4_conf.o
 .debug_aranges
                0x00000b20       0x28 ./Dave/Generated/DIGITAL_IO/digital_io.o
 .debug_aranges
                0x00000b48       0x18 ./Dave/Generated/DIGITAL_IO/digital_io_conf.o
 .debug_aranges
                0x00000b60       0x28 ./Dave/Generated/CPU_CTRL_XMC4/cpu_ctrl_xmc4_conf.o
 .debug_aranges
                0x00000b88       0x38 ./Dave/Generated/CLOCK_XMC4/clock_xmc4.o
 .debug_aranges
                0x00000bc0       0x20 ./Dave/Generated/CLOCK_XMC4/clock_xmc4_conf.o
 .debug_aranges
                0x00000be0       0x20 ./Dave/Generated/DAVE.o
 .debug_aranges
                0x00000c00       0x48 ./app.o
 .debug_aranges
                0x00000c48       0xc8 ./at_commander.o
 .debug_aranges
                0x00000d10       0x20 ./main.o

.debug_pubnames
 *(.debug_pubnames)

.debug_pubtypes
 *(.debug_pubtypes)

.debug_info     0x00000000    0x119af
 *(.debug_info .gnu.linkonce.wi.*)
 .debug_info    0x00000000       0x88 ./Startup/startup_XMC4700.o
 .debug_info    0x00000088      0xa3d ./Startup/system_XMC4700.o
 .debug_info    0x00000ac5      0x4dd ./Libraries/XMCLib/src/xmc4_gpio.o
 .debug_info    0x00000fa2     0x2425 ./Libraries/XMCLib/src/xmc4_scu.o
 .debug_info    0x000033c7     0x1797 ./Libraries/XMCLib/src/xmc_ccu4.o
 .debug_info    0x00004b5e      0x458 ./Libraries/XMCLib/src/xmc_gpio.o
 .debug_info    0x00004fb6      0x9d2 ./Libraries/XMCLib/src/xmc_uart.o
 .debug_info    0x00005988      0xf9a ./Libraries/XMCLib/src/xmc_usic.o
 .debug_info    0x00006922      0x11f ./Libraries/Newlib/syscalls.o
 .debug_info    0x00006a41     0x1590 ./Dave/Generated/UART/uart.o
 .debug_info    0x00007fd1     0x1441 ./Dave/Generated/UART/uart_conf.o
 .debug_info    0x00009412      0xe3f ./Dave/Generated/TIMER/timer.o
 .debug_info    0x0000a251      0x8e8 ./Dave/Generated/TIMER/timer_conf.o
 .debug_info    0x0000ab39     0x1357 ./Dave/Generated/SYSTIMER/systimer.o
 .debug_info    0x0000be90      0x1a9 ./Dave/Generated/SYSTIMER/systimer_conf.o
 .debug_info    0x0000c039      0x9c9 ./Dave/Generated/INTERRUPT/interrupt.o
 .debug_info    0x0000ca02      0x4d4 ./Dave/Generated/INTERRUPT/interrupt_conf.o
 .debug_info    0x0000ced6      0x43a ./Dave/Generated/GLOBAL_CCU4/global_ccu4.o
 .debug_info    0x0000d310      0x33a ./Dave/Generated/GLOBAL_CCU4/global_ccu4_conf.o
 .debug_info    0x0000d64a      0x597 ./Dave/Generated/DIGITAL_IO/digital_io.o
 .debug_info    0x0000dbe1      0x4e4 ./Dave/Generated/DIGITAL_IO/digital_io_conf.o
 .debug_info    0x0000e0c5      0x52e ./Dave/Generated/CPU_CTRL_XMC4/cpu_ctrl_xmc4_conf.o
 .debug_info    0x0000e5f3      0x2dd ./Dave/Generated/CLOCK_XMC4/clock_xmc4.o
 .debug_info    0x0000e8d0      0x43e ./Dave/Generated/CLOCK_XMC4/clock_xmc4_conf.o
 .debug_info    0x0000ed0e     0x1655 ./Dave/Generated/DAVE.o
 .debug_info    0x00010363      0x306 ./app.o
 .debug_info    0x00010669     0x116b ./at_commander.o
 .debug_info    0x000117d4      0x1db ./main.o

.debug_abbrev   0x00000000     0x2ec0
 *(.debug_abbrev)
 .debug_abbrev  0x00000000       0x14 ./Startup/startup_XMC4700.o
 .debug_abbrev  0x00000014      0x1f1 ./Startup/system_XMC4700.o
 .debug_abbrev  0x00000205      0x144 ./Libraries/XMCLib/src/xmc4_gpio.o
 .debug_abbrev  0x00000349      0x2a3 ./Libraries/XMCLib/src/xmc4_scu.o
 .debug_abbrev  0x000005ec      0x232 ./Libraries/XMCLib/src/xmc_ccu4.o
 .debug_abbrev  0x0000081e      0x144 ./Libraries/XMCLib/src/xmc_gpio.o
 .debug_abbrev  0x00000962      0x225 ./Libraries/XMCLib/src/xmc_uart.o
 .debug_abbrev  0x00000b87      0x24c ./Libraries/XMCLib/src/xmc_usic.o
 .debug_abbrev  0x00000dd3       0xbd ./Libraries/Newlib/syscalls.o
 .debug_abbrev  0x00000e90      0x27e ./Dave/Generated/UART/uart.o
 .debug_abbrev  0x0000110e      0x27b ./Dave/Generated/UART/uart_conf.o
 .debug_abbrev  0x00001389      0x252 ./Dave/Generated/TIMER/timer.o
 .debug_abbrev  0x000015db      0x181 ./Dave/Generated/TIMER/timer_conf.o
 .debug_abbrev  0x0000175c      0x36d ./Dave/Generated/SYSTIMER/systimer.o
 .debug_abbrev  0x00001ac9       0xc2 ./Dave/Generated/SYSTIMER/systimer_conf.o
 .debug_abbrev  0x00001b8b      0x212 ./Dave/Generated/INTERRUPT/interrupt.o
 .debug_abbrev  0x00001d9d       0xd8 ./Dave/Generated/INTERRUPT/interrupt_conf.o
 .debug_abbrev  0x00001e75      0x196 ./Dave/Generated/GLOBAL_CCU4/global_ccu4.o
 .debug_abbrev  0x0000200b      0x124 ./Dave/Generated/GLOBAL_CCU4/global_ccu4_conf.o
 .debug_abbrev  0x0000212f      0x171 ./Dave/Generated/DIGITAL_IO/digital_io.o
 .debug_abbrev  0x000022a0      0x126 ./Dave/Generated/DIGITAL_IO/digital_io_conf.o
 .debug_abbrev  0x000023c6      0x1b4 ./Dave/Generated/CPU_CTRL_XMC4/cpu_ctrl_xmc4_conf.o
 .debug_abbrev  0x0000257a      0x13d ./Dave/Generated/CLOCK_XMC4/clock_xmc4.o
 .debug_abbrev  0x000026b7      0x134 ./Dave/Generated/CLOCK_XMC4/clock_xmc4_conf.o
 .debug_abbrev  0x000027eb      0x1da ./Dave/Generated/DAVE.o
 .debug_abbrev  0x000029c5      0x155 ./app.o
 .debug_abbrev  0x00002b1a      0x2bb ./at_commander.o
 .debug_abbrev  0x00002dd5       0xeb ./main.o

.debug_line     0x00000000     0x67bf
 *(.debug_line)
 .debug_line    0x00000000       0x87 ./Startup/startup_XMC4700.o
 .debug_line    0x00000087      0x32f ./Startup/system_XMC4700.o
 .debug_line    0x000003b6      0x235 ./Libraries/XMCLib/src/xmc4_gpio.o
 .debug_line    0x000005eb      0xe38 ./Libraries/XMCLib/src/xmc4_scu.o
 .debug_line    0x00001423      0x644 ./Libraries/XMCLib/src/xmc_ccu4.o
 .debug_line    0x00001a67      0x222 ./Libraries/XMCLib/src/xmc_gpio.o
 .debug_line    0x00001c89      0x3b6 ./Libraries/XMCLib/src/xmc_uart.o
 .debug_line    0x0000203f      0x55c ./Libraries/XMCLib/src/xmc_usic.o
 .debug_line    0x0000259b       0xd0 ./Libraries/Newlib/syscalls.o
 .debug_line    0x0000266b      0x5d0 ./Dave/Generated/UART/uart.o
 .debug_line    0x00002c3b      0x3a9 ./Dave/Generated/UART/uart_conf.o
 .debug_line    0x00002fe4      0x584 ./Dave/Generated/TIMER/timer.o
 .debug_line    0x00003568      0x315 ./Dave/Generated/TIMER/timer_conf.o
 .debug_line    0x0000387d      0x610 ./Dave/Generated/SYSTIMER/systimer.o
 .debug_line    0x00003e8d      0x1a1 ./Dave/Generated/SYSTIMER/systimer_conf.o
 .debug_line    0x0000402e      0x332 ./Dave/Generated/INTERRUPT/interrupt.o
 .debug_line    0x00004360      0x21e ./Dave/Generated/INTERRUPT/interrupt_conf.o
 .debug_line    0x0000457e      0x340 ./Dave/Generated/GLOBAL_CCU4/global_ccu4.o
 .debug_line    0x000048be      0x2a6 ./Dave/Generated/GLOBAL_CCU4/global_ccu4_conf.o
 .debug_line    0x00004b64      0x298 ./Dave/Generated/DIGITAL_IO/digital_io.o
 .debug_line    0x00004dfc      0x216 ./Dave/Generated/DIGITAL_IO/digital_io_conf.o
 .debug_line    0x00005012      0x28f ./Dave/Generated/CPU_CTRL_XMC4/cpu_ctrl_xmc4_conf.o
 .debug_line    0x000052a1      0x2ce ./Dave/Generated/CLOCK_XMC4/clock_xmc4.o
 .debug_line    0x0000556f      0x2a5 ./Dave/Generated/CLOCK_XMC4/clock_xmc4_conf.o
 .debug_line    0x00005814      0x47d ./Dave/Generated/DAVE.o
 .debug_line    0x00005c91      0x2c0 ./app.o
 .debug_line    0x00005f51      0x607 ./at_commander.o
 .debug_line    0x00006558      0x267 ./main.o

.debug_frame    0x00000000     0x3d70
 *(.debug_frame)
 .debug_frame   0x00000000       0xec ./Startup/system_XMC4700.o
 .debug_frame   0x000000ec       0x60 ./Libraries/XMCLib/src/xmc4_gpio.o
 .debug_frame   0x0000014c     0x1238 ./Libraries/XMCLib/src/xmc4_scu.o
 .debug_frame   0x00001384      0x5b0 ./Libraries/XMCLib/src/xmc_ccu4.o
 .debug_frame   0x00001934       0x60 ./Libraries/XMCLib/src/xmc_gpio.o
 .debug_frame   0x00001994      0x1f0 ./Libraries/XMCLib/src/xmc_uart.o
 .debug_frame   0x00001b84      0x330 ./Libraries/XMCLib/src/xmc_usic.o
 .debug_frame   0x00001eb4       0x5c ./Libraries/Newlib/syscalls.o
 .debug_frame   0x00001f10      0x474 ./Dave/Generated/UART/uart.o
 .debug_frame   0x00002384      0x184 ./Dave/Generated/UART/uart_conf.o
 .debug_frame   0x00002508      0x3e0 ./Dave/Generated/TIMER/timer.o
 .debug_frame   0x000028e8      0x3ec ./Dave/Generated/SYSTIMER/systimer.o
 .debug_frame   0x00002cd4      0x124 ./Dave/Generated/INTERRUPT/interrupt.o
 .debug_frame   0x00002df8       0x88 ./Dave/Generated/GLOBAL_CCU4/global_ccu4.o
 .debug_frame   0x00002e80       0x60 ./Dave/Generated/DIGITAL_IO/digital_io.o
 .debug_frame   0x00002ee0       0x60 ./Dave/Generated/CPU_CTRL_XMC4/cpu_ctrl_xmc4_conf.o
 .debug_frame   0x00002f40       0xac ./Dave/Generated/CLOCK_XMC4/clock_xmc4.o
 .debug_frame   0x00002fec       0x3c ./Dave/Generated/CLOCK_XMC4/clock_xmc4_conf.o
 .debug_frame   0x00003028       0x38 ./Dave/Generated/DAVE.o
 .debug_frame   0x00003060       0xe4 ./app.o
 .debug_frame   0x00003144      0x2d0 ./at_commander.o
 .debug_frame   0x00003414       0x30 ./main.o
 .debug_frame   0x00003444       0x20 c:/infineon/tools/dave ide/4.5.0.202105191637/eclipse/arm-gcc-49/bin/../lib/gcc/arm-none-eabi/4.9.3/../../../../arm-none-eabi/lib/armv7e-m/softfp\libg_nano.a(lib_a-errno.o)
 .debug_frame   0x00003464       0x2c c:/infineon/tools/dave ide/4.5.0.202105191637/eclipse/arm-gcc-49/bin/../lib/gcc/arm-none-eabi/4.9.3/../../../../arm-none-eabi/lib/armv7e-m/softfp\libg_nano.a(lib_a-init.o)
 .debug_frame   0x00003490       0x28 c:/infineon/tools/dave ide/4.5.0.202105191637/eclipse/arm-gcc-49/bin/../lib/gcc/arm-none-eabi/4.9.3/../../../../arm-none-eabi/lib/armv7e-m/softfp\libg_nano.a(lib_a-memcpy.o)
 .debug_frame   0x000034b8       0x20 c:/infineon/tools/dave ide/4.5.0.202105191637/eclipse/arm-gcc-49/bin/../lib/gcc/arm-none-eabi/4.9.3/../../../../arm-none-eabi/lib/armv7e-m/softfp\libg_nano.a(lib_a-memset.o)
 .debug_frame   0x000034d8       0x8c c:/infineon/tools/dave ide/4.5.0.202105191637/eclipse/arm-gcc-49/bin/../lib/gcc/arm-none-eabi/4.9.3/../../../../arm-none-eabi/lib/armv7e-m/softfp\libg_nano.a(lib_a-nano-vfprintf_float.o)
 .debug_frame   0x00003564       0x58 c:/infineon/tools/dave ide/4.5.0.202105191637/eclipse/arm-gcc-49/bin/../lib/gcc/arm-none-eabi/4.9.3/../../../../arm-none-eabi/lib/armv7e-m/softfp\libg_nano.a(lib_a-nano-vfprintf_i.o)
 .debug_frame   0x000035bc       0x44 c:/infineon/tools/dave ide/4.5.0.202105191637/eclipse/arm-gcc-49/bin/../lib/gcc/arm-none-eabi/4.9.3/../../../../arm-none-eabi/lib/armv7e-m/softfp\libg_nano.a(lib_a-rand.o)
 .debug_frame   0x00003600       0x28 c:/infineon/tools/dave ide/4.5.0.202105191637/eclipse/arm-gcc-49/bin/../lib/gcc/arm-none-eabi/4.9.3/../../../../arm-none-eabi/lib/armv7e-m/softfp\libg_nano.a(lib_a-s_fpclassify.o)
 .debug_frame   0x00003628       0x74 c:/infineon/tools/dave ide/4.5.0.202105191637/eclipse/arm-gcc-49/bin/../lib/gcc/arm-none-eabi/4.9.3/../../../../arm-none-eabi/lib/armv7e-m/softfp\libg_nano.a(lib_a-snprintf.o)
 .debug_frame   0x0000369c       0x70 c:/infineon/tools/dave ide/4.5.0.202105191637/eclipse/arm-gcc-49/bin/../lib/gcc/arm-none-eabi/4.9.3/../../../../arm-none-eabi/lib/armv7e-m/softfp\libg_nano.a(lib_a-sprintf.o)
 .debug_frame   0x0000370c       0x20 c:/infineon/tools/dave ide/4.5.0.202105191637/eclipse/arm-gcc-49/bin/../lib/gcc/arm-none-eabi/4.9.3/../../../../arm-none-eabi/lib/armv7e-m/softfp\libg_nano.a(lib_a-strchr.o)
 .debug_frame   0x0000372c       0x20 c:/infineon/tools/dave ide/4.5.0.202105191637/eclipse/arm-gcc-49/bin/../lib/gcc/arm-none-eabi/4.9.3/../../../../arm-none-eabi/lib/armv7e-m/softfp\libg_nano.a(lib_a-strlen.o)
 .debug_frame   0x0000374c       0x2c c:/infineon/tools/dave ide/4.5.0.202105191637/eclipse/arm-gcc-49/bin/../lib/gcc/arm-none-eabi/4.9.3/../../../../arm-none-eabi/lib/armv7e-m/softfp\libg_nano.a(lib_a-strstr.o)
 .debug_frame   0x00003778       0x50 c:/infineon/tools/dave ide/4.5.0.202105191637/eclipse/arm-gcc-49/bin/../lib/gcc/arm-none-eabi/4.9.3/../../../../arm-none-eabi/lib/armv7e-m/softfp\libg_nano.a(lib_a-vsnprintf.o)
 .debug_frame   0x000037c8       0x6c c:/infineon/tools/dave ide/4.5.0.202105191637/eclipse/arm-gcc-49/bin/../lib/gcc/arm-none-eabi/4.9.3/../../../../arm-none-eabi/lib/armv7e-m/softfp\libg_nano.a(lib_a-dtoa.o)
 .debug_frame   0x00003834       0x98 c:/infineon/tools/dave ide/4.5.0.202105191637/eclipse/arm-gcc-49/bin/../lib/gcc/arm-none-eabi/4.9.3/../../../../arm-none-eabi/lib/armv7e-m/softfp\libg_nano.a(lib_a-locale.o)
 .debug_frame   0x000038cc       0x30 c:/infineon/tools/dave ide/4.5.0.202105191637/eclipse/arm-gcc-49/bin/../lib/gcc/arm-none-eabi/4.9.3/../../../../arm-none-eabi/lib/armv7e-m/softfp\libg_nano.a(lib_a-malloc.o)
 .debug_frame   0x000038fc       0x28 c:/infineon/tools/dave ide/4.5.0.202105191637/eclipse/arm-gcc-49/bin/../lib/gcc/arm-none-eabi/4.9.3/../../../../arm-none-eabi/lib/armv7e-m/softfp\libg_nano.a(lib_a-memchr.o)
 .debug_frame   0x00003924      0x230 c:/infineon/tools/dave ide/4.5.0.202105191637/eclipse/arm-gcc-49/bin/../lib/gcc/arm-none-eabi/4.9.3/../../../../arm-none-eabi/lib/armv7e-m/softfp\libg_nano.a(lib_a-mprec.o)
 .debug_frame   0x00003b54       0x2c c:/infineon/tools/dave ide/4.5.0.202105191637/eclipse/arm-gcc-49/bin/../lib/gcc/arm-none-eabi/4.9.3/../../../../arm-none-eabi/lib/armv7e-m/softfp\libg_nano.a(lib_a-nano-callocr.o)
 .debug_frame   0x00003b80       0x2c c:/infineon/tools/dave ide/4.5.0.202105191637/eclipse/arm-gcc-49/bin/../lib/gcc/arm-none-eabi/4.9.3/../../../../arm-none-eabi/lib/armv7e-m/softfp\libg_nano.a(lib_a-nano-freer.o)
 .debug_frame   0x00003bac       0x2c c:/infineon/tools/dave ide/4.5.0.202105191637/eclipse/arm-gcc-49/bin/../lib/gcc/arm-none-eabi/4.9.3/../../../../arm-none-eabi/lib/armv7e-m/softfp\libg_nano.a(lib_a-nano-mallocr.o)
 .debug_frame   0x00003bd8       0x8c c:/infineon/tools/dave ide/4.5.0.202105191637/eclipse/arm-gcc-49/bin/../lib/gcc/arm-none-eabi/4.9.3/../../../../arm-none-eabi/lib/armv7e-m/softfp\libg_nano.a(lib_a-nano-svfprintf.o)
 .debug_frame   0x00003c64       0x2c c:/infineon/tools/dave ide/4.5.0.202105191637/eclipse/arm-gcc-49/bin/../lib/gcc/arm-none-eabi/4.9.3/../../../../arm-none-eabi/lib/armv7e-m/softfp\libg_nano.a(lib_a-sbrkr.o)
 .debug_frame   0x00003c90       0x28 c:/infineon/tools/dave ide/4.5.0.202105191637/eclipse/arm-gcc-49/bin/../lib/gcc/arm-none-eabi/4.9.3/../../../../arm-none-eabi/lib/armv7e-m/softfp\libg_nano.a(lib_a-memmove.o)
 .debug_frame   0x00003cb8       0x3c c:/infineon/tools/dave ide/4.5.0.202105191637/eclipse/arm-gcc-49/bin/../lib/gcc/arm-none-eabi/4.9.3/../../../../arm-none-eabi/lib/armv7e-m/softfp\libg_nano.a(lib_a-nano-reallocr.o)
 .debug_frame   0x00003cf4       0x5c c:/infineon/tools/dave ide/4.5.0.202105191637/eclipse/arm-gcc-49/bin/../lib/gcc/arm-none-eabi/4.9.3/../../../../arm-none-eabi/lib/armv7e-m/softfp\libg_nano.a(lib_a-reent.o)
 .debug_frame   0x00003d50       0x20 c:/infineon/tools/dave ide/4.5.0.202105191637/eclipse/arm-gcc-49/bin/../lib/gcc/arm-none-eabi/4.9.3/../../../../arm-none-eabi/lib/armv7e-m/softfp\libg_nano.a(lib_a-nano-msizer.o)

.debug_str      0x00000000     0x823e
 *(.debug_str)
 .debug_str     0x00000000      0x601 ./Startup/system_XMC4700.o
                                0x66d (size before relaxing)
 .debug_str     0x00000601      0x544 ./Libraries/XMCLib/src/xmc4_gpio.o
                                0x7e7 (size before relaxing)
 .debug_str     0x00000b45     0x233e ./Libraries/XMCLib/src/xmc4_scu.o
                               0x28df (size before relaxing)
 .debug_str     0x00002e83     0x1515 ./Libraries/XMCLib/src/xmc_ccu4.o
                               0x1ed4 (size before relaxing)
 .debug_str     0x00004398       0xca ./Libraries/XMCLib/src/xmc_gpio.o
                                0x695 (size before relaxing)
 .debug_str     0x00004462      0x8d0 ./Libraries/XMCLib/src/xmc_uart.o
                                0xbb9 (size before relaxing)
 .debug_str     0x00004d32      0xb06 ./Libraries/XMCLib/src/xmc_usic.o
                               0x15d8 (size before relaxing)
 .debug_str     0x00005838       0x6f ./Libraries/Newlib/syscalls.o
                                0x223 (size before relaxing)
 .debug_str     0x000058a7      0xbd5 ./Dave/Generated/UART/uart.o
                               0x1cf4 (size before relaxing)
 .debug_str     0x0000647c      0x7c5 ./Dave/Generated/UART/uart_conf.o
                               0x192e (size before relaxing)
 .debug_str     0x00006c41      0x4be ./Dave/Generated/TIMER/timer.o
                                0xca2 (size before relaxing)
 .debug_str     0x000070ff      0x29a ./Dave/Generated/TIMER/timer_conf.o
                                0xbe7 (size before relaxing)
 .debug_str     0x00007399      0x485 ./Dave/Generated/SYSTIMER/systimer.o
                                0xed2 (size before relaxing)
 .debug_str     0x0000781e       0x32 ./Dave/Generated/SYSTIMER/systimer_conf.o
                                0x2b1 (size before relaxing)
 .debug_str     0x00007850       0xdd ./Dave/Generated/INTERRUPT/interrupt.o
                                0xb13 (size before relaxing)
 .debug_str     0x0000792d       0x38 ./Dave/Generated/INTERRUPT/interrupt_conf.o
                                0x8e0 (size before relaxing)
 .debug_str     0x00007965       0xb5 ./Dave/Generated/GLOBAL_CCU4/global_ccu4.o
                                0x5e5 (size before relaxing)
 .debug_str     0x00007a1a       0x31 ./Dave/Generated/GLOBAL_CCU4/global_ccu4_conf.o
                                0x4f9 (size before relaxing)
 .debug_str     0x00007a4b       0xdf ./Dave/Generated/DIGITAL_IO/digital_io.o
                                0x924 (size before relaxing)
 .debug_str     0x00007b2a       0x3c ./Dave/Generated/DIGITAL_IO/digital_io_conf.o
                                0x872 (size before relaxing)
 .debug_str     0x00007b66       0x88 ./Dave/Generated/CPU_CTRL_XMC4/cpu_ctrl_xmc4_conf.o
                                0x427 (size before relaxing)
 .debug_str     0x00007bee       0xe7 ./Dave/Generated/CLOCK_XMC4/clock_xmc4.o
                                0x3d8 (size before relaxing)
 .debug_str     0x00007cd5       0x50 ./Dave/Generated/CLOCK_XMC4/clock_xmc4_conf.o
                                0x7b8 (size before relaxing)
 .debug_str     0x00007d25       0x65 ./Dave/Generated/DAVE.o
                               0x1b12 (size before relaxing)
 .debug_str     0x00007d8a       0xc1 ./app.o
                                0x4db (size before relaxing)
 .debug_str     0x00007e4b      0x3e9 ./at_commander.o
                               0x1397 (size before relaxing)
 .debug_str     0x00008234        0xa ./main.o
                                0x2c7 (size before relaxing)

.debug_loc      0x00000000     0x6ade
 *(.debug_loc)
 .debug_loc     0x00000000      0x1a4 ./Startup/system_XMC4700.o
 .debug_loc     0x000001a4       0xb8 ./Libraries/XMCLib/src/xmc4_gpio.o
 .debug_loc     0x0000025c     0x2618 ./Libraries/XMCLib/src/xmc4_scu.o
 .debug_loc     0x00002874      0xc90 ./Libraries/XMCLib/src/xmc_ccu4.o
 .debug_loc     0x00003504       0xb8 ./Libraries/XMCLib/src/xmc_gpio.o
 .debug_loc     0x000035bc      0x414 ./Libraries/XMCLib/src/xmc_uart.o
 .debug_loc     0x000039d0      0x6c6 ./Libraries/XMCLib/src/xmc_usic.o
 .debug_loc     0x00004096       0x94 ./Libraries/Newlib/syscalls.o
 .debug_loc     0x0000412a      0x98c ./Dave/Generated/UART/uart.o
 .debug_loc     0x00004ab6      0x308 ./Dave/Generated/UART/uart_conf.o
 .debug_loc     0x00004dbe      0x81c ./Dave/Generated/TIMER/timer.o
 .debug_loc     0x000055da      0x7f4 ./Dave/Generated/SYSTIMER/systimer.o
 .debug_loc     0x00005dce      0x254 ./Dave/Generated/INTERRUPT/interrupt.o
 .debug_loc     0x00006022      0x108 ./Dave/Generated/GLOBAL_CCU4/global_ccu4.o
 .debug_loc     0x0000612a       0xac ./Dave/Generated/DIGITAL_IO/digital_io.o
 .debug_loc     0x000061d6       0xac ./Dave/Generated/CPU_CTRL_XMC4/cpu_ctrl_xmc4_conf.o
 .debug_loc     0x00006282      0x14c ./Dave/Generated/CLOCK_XMC4/clock_xmc4.o
 .debug_loc     0x000063ce       0x50 ./Dave/Generated/CLOCK_XMC4/clock_xmc4_conf.o
 .debug_loc     0x0000641e       0x50 ./Dave/Generated/DAVE.o
 .debug_loc     0x0000646e      0x198 ./app.o
 .debug_loc     0x00006606      0x4a0 ./at_commander.o
 .debug_loc     0x00006aa6       0x38 ./main.o

.debug_macinfo
 *(.debug_macinfo)

.debug_ranges   0x00000000      0xb50
 *(.debug_ranges)
 .debug_ranges  0x00000000       0x38 ./Startup/system_XMC4700.o
 .debug_ranges  0x00000038       0x18 ./Libraries/XMCLib/src/xmc4_gpio.o
 .debug_ranges  0x00000050      0x3d0 ./Libraries/XMCLib/src/xmc4_scu.o
 .debug_ranges  0x00000420      0x128 ./Libraries/XMCLib/src/xmc_ccu4.o
 .debug_ranges  0x00000548       0x18 ./Libraries/XMCLib/src/xmc_gpio.o
 .debug_ranges  0x00000560       0x68 ./Libraries/XMCLib/src/xmc_uart.o
 .debug_ranges  0x000005c8       0xa8 ./Libraries/XMCLib/src/xmc_usic.o
 .debug_ranges  0x00000670       0x18 ./Libraries/Newlib/syscalls.o
 .debug_ranges  0x00000688       0xe8 ./Dave/Generated/UART/uart.o
 .debug_ranges  0x00000770       0x58 ./Dave/Generated/UART/uart_conf.o
 .debug_ranges  0x000007c8       0xc8 ./Dave/Generated/TIMER/timer.o
 .debug_ranges  0x00000890       0xd0 ./Dave/Generated/SYSTIMER/systimer.o
 .debug_ranges  0x00000960       0x40 ./Dave/Generated/INTERRUPT/interrupt.o
 .debug_ranges  0x000009a0       0x20 ./Dave/Generated/GLOBAL_CCU4/global_ccu4.o
 .debug_ranges  0x000009c0       0x18 ./Dave/Generated/DIGITAL_IO/digital_io.o
 .debug_ranges  0x000009d8       0x18 ./Dave/Generated/CPU_CTRL_XMC4/cpu_ctrl_xmc4_conf.o
 .debug_ranges  0x000009f0       0x28 ./Dave/Generated/CLOCK_XMC4/clock_xmc4.o
 .debug_ranges  0x00000a18       0x10 ./Dave/Generated/CLOCK_XMC4/clock_xmc4_conf.o
 .debug_ranges  0x00000a28       0x10 ./Dave/Generated/DAVE.o
 .debug_ranges  0x00000a38       0x38 ./app.o
 .debug_ranges  0x00000a70       0xd0 ./at_commander.o
 .debug_ranges  0x00000b40       0x10 ./main.o

.debug_weaknames
 *(.debug_weaknames)

.debug_funcnames
 *(.debug_funcnames)

.debug_typenames
 *(.debug_typenames)

.debug_varnames
 *(.debug_varnames)

.build_attributes
                0x00000000      0xc44
 *(.ARM.attributes)
 .ARM.attributes
                0x00000000       0x25 ./Startup/startup_XMC4700.o
 .ARM.attributes
                0x00000025       0x37 ./Startup/system_XMC4700.o
 .ARM.attributes
                0x0000005c       0x37 ./Libraries/XMCLib/src/xmc4_gpio.o
 .ARM.attributes
                0x00000093       0x37 ./Libraries/XMCLib/src/xmc4_scu.o
 .ARM.attributes
                0x000000ca       0x37 ./Libraries/XMCLib/src/xmc_ccu4.o
 .ARM.attributes
                0x00000101       0x37 ./Libraries/XMCLib/src/xmc_gpio.o
 .ARM.attributes
                0x00000138       0x37 ./Libraries/XMCLib/src/xmc_uart.o
 .ARM.attributes
                0x0000016f       0x37 ./Libraries/XMCLib/src/xmc_usic.o
 .ARM.attributes
                0x000001a6       0x37 ./Libraries/Newlib/syscalls.o
 .ARM.attributes
                0x000001dd       0x37 ./Dave/Generated/UART/uart.o
 .ARM.attributes
                0x00000214       0x37 ./Dave/Generated/UART/uart_conf.o
 .ARM.attributes
                0x0000024b       0x37 ./Dave/Generated/TIMER/timer.o
 .ARM.attributes
                0x00000282       0x37 ./Dave/Generated/TIMER/timer_conf.o
 .ARM.attributes
                0x000002b9       0x37 ./Dave/Generated/SYSTIMER/systimer.o
 .ARM.attributes
                0x000002f0       0x37 ./Dave/Generated/SYSTIMER/systimer_conf.o
 .ARM.attributes
                0x00000327       0x37 ./Dave/Generated/INTERRUPT/interrupt.o
 .ARM.attributes
                0x0000035e       0x37 ./Dave/Generated/INTERRUPT/interrupt_conf.o
 .ARM.attributes
                0x00000395       0x37 ./Dave/Generated/GLOBAL_CCU4/global_ccu4.o
 .ARM.attributes
                0x000003cc       0x37 ./Dave/Generated/GLOBAL_CCU4/global_ccu4_conf.o
 .ARM.attributes
                0x00000403       0x37 ./Dave/Generated/DIGITAL_IO/digital_io.o
 .ARM.attributes
                0x0000043a       0x37 ./Dave/Generated/DIGITAL_IO/digital_io_conf.o
 .ARM.attributes
                0x00000471       0x37 ./Dave/Generated/CPU_CTRL_XMC4/cpu_ctrl_xmc4_conf.o
 .ARM.attributes
                0x000004a8       0x37 ./Dave/Generated/CLOCK_XMC4/clock_xmc4.o
 .ARM.attributes
                0x000004df       0x37 ./Dave/Generated/CLOCK_XMC4/clock_xmc4_conf.o
 .ARM.attributes
                0x00000516       0x37 ./Dave/Generated/DAVE.o
 .ARM.attributes
                0x0000054d       0x37 ./app.o
 .ARM.attributes
                0x00000584       0x37 ./at_commander.o
 .ARM.attributes
                0x000005bb       0x37 ./main.o
 .ARM.attributes
                0x000005f2       0x22 c:/infineon/tools/dave ide/4.5.0.202105191637/eclipse/arm-gcc-49/bin/../lib/gcc/arm-none-eabi/4.9.3/armv7e-m/softfp\libgcc.a(_arm_addsubdf3.o)
 .ARM.attributes
                0x00000614       0x32 c:/infineon/tools/dave ide/4.5.0.202105191637/eclipse/arm-gcc-49/bin/../lib/gcc/arm-none-eabi/4.9.3/../../../../arm-none-eabi/lib/armv7e-m/softfp\libg_nano.a(lib_a-errno.o)
 .ARM.attributes
                0x00000646       0x32 c:/infineon/tools/dave ide/4.5.0.202105191637/eclipse/arm-gcc-49/bin/../lib/gcc/arm-none-eabi/4.9.3/../../../../arm-none-eabi/lib/armv7e-m/softfp\libg_nano.a(lib_a-impure.o)
 .ARM.attributes
                0x00000678       0x32 c:/infineon/tools/dave ide/4.5.0.202105191637/eclipse/arm-gcc-49/bin/../lib/gcc/arm-none-eabi/4.9.3/../../../../arm-none-eabi/lib/armv7e-m/softfp\libg_nano.a(lib_a-init.o)
 .ARM.attributes
                0x000006aa       0x32 c:/infineon/tools/dave ide/4.5.0.202105191637/eclipse/arm-gcc-49/bin/../lib/gcc/arm-none-eabi/4.9.3/../../../../arm-none-eabi/lib/armv7e-m/softfp\libg_nano.a(lib_a-memcpy.o)
 .ARM.attributes
                0x000006dc       0x32 c:/infineon/tools/dave ide/4.5.0.202105191637/eclipse/arm-gcc-49/bin/../lib/gcc/arm-none-eabi/4.9.3/../../../../arm-none-eabi/lib/armv7e-m/softfp\libg_nano.a(lib_a-memset.o)
 .ARM.attributes
                0x0000070e       0x32 c:/infineon/tools/dave ide/4.5.0.202105191637/eclipse/arm-gcc-49/bin/../lib/gcc/arm-none-eabi/4.9.3/../../../../arm-none-eabi/lib/armv7e-m/softfp\libg_nano.a(lib_a-nano-vfprintf_float.o)
 .ARM.attributes
                0x00000740       0x32 c:/infineon/tools/dave ide/4.5.0.202105191637/eclipse/arm-gcc-49/bin/../lib/gcc/arm-none-eabi/4.9.3/../../../../arm-none-eabi/lib/armv7e-m/softfp\libg_nano.a(lib_a-nano-vfprintf_i.o)
 .ARM.attributes
                0x00000772       0x32 c:/infineon/tools/dave ide/4.5.0.202105191637/eclipse/arm-gcc-49/bin/../lib/gcc/arm-none-eabi/4.9.3/../../../../arm-none-eabi/lib/armv7e-m/softfp\libg_nano.a(lib_a-rand.o)
 .ARM.attributes
                0x000007a4       0x32 c:/infineon/tools/dave ide/4.5.0.202105191637/eclipse/arm-gcc-49/bin/../lib/gcc/arm-none-eabi/4.9.3/../../../../arm-none-eabi/lib/armv7e-m/softfp\libg_nano.a(lib_a-s_fpclassify.o)
 .ARM.attributes
                0x000007d6       0x32 c:/infineon/tools/dave ide/4.5.0.202105191637/eclipse/arm-gcc-49/bin/../lib/gcc/arm-none-eabi/4.9.3/../../../../arm-none-eabi/lib/armv7e-m/softfp\libg_nano.a(lib_a-snprintf.o)
 .ARM.attributes
                0x00000808       0x32 c:/infineon/tools/dave ide/4.5.0.202105191637/eclipse/arm-gcc-49/bin/../lib/gcc/arm-none-eabi/4.9.3/../../../../arm-none-eabi/lib/armv7e-m/softfp\libg_nano.a(lib_a-sprintf.o)
 .ARM.attributes
                0x0000083a       0x32 c:/infineon/tools/dave ide/4.5.0.202105191637/eclipse/arm-gcc-49/bin/../lib/gcc/arm-none-eabi/4.9.3/../../../../arm-none-eabi/lib/armv7e-m/softfp\libg_nano.a(lib_a-strchr.o)
 .ARM.attributes
                0x0000086c       0x32 c:/infineon/tools/dave ide/4.5.0.202105191637/eclipse/arm-gcc-49/bin/../lib/gcc/arm-none-eabi/4.9.3/../../../../arm-none-eabi/lib/armv7e-m/softfp\libg_nano.a(lib_a-strlen.o)
 .ARM.attributes
                0x0000089e       0x32 c:/infineon/tools/dave ide/4.5.0.202105191637/eclipse/arm-gcc-49/bin/../lib/gcc/arm-none-eabi/4.9.3/../../../../arm-none-eabi/lib/armv7e-m/softfp\libg_nano.a(lib_a-strstr.o)
 .ARM.attributes
                0x000008d0       0x32 c:/infineon/tools/dave ide/4.5.0.202105191637/eclipse/arm-gcc-49/bin/../lib/gcc/arm-none-eabi/4.9.3/../../../../arm-none-eabi/lib/armv7e-m/softfp\libg_nano.a(lib_a-vsnprintf.o)
 .ARM.attributes
                0x00000902       0x32 c:/infineon/tools/dave ide/4.5.0.202105191637/eclipse/arm-gcc-49/bin/../lib/gcc/arm-none-eabi/4.9.3/../../../../arm-none-eabi/lib/armv7e-m/softfp\libg_nano.a(lib_a-dtoa.o)
 .ARM.attributes
                0x00000934       0x32 c:/infineon/tools/dave ide/4.5.0.202105191637/eclipse/arm-gcc-49/bin/../lib/gcc/arm-none-eabi/4.9.3/../../../../arm-none-eabi/lib/armv7e-m/softfp\libg_nano.a(lib_a-locale.o)
 .ARM.attributes
                0x00000966       0x32 c:/infineon/tools/dave ide/4.5.0.202105191637/eclipse/arm-gcc-49/bin/../lib/gcc/arm-none-eabi/4.9.3/../../../../arm-none-eabi/lib/armv7e-m/softfp\libg_nano.a(lib_a-malloc.o)
 .ARM.attributes